#
# There is insufficient memory for the Java Runtime Environment to continue.
# Native memory allocation (mmap) failed to map 65536 bytes for Failed to commit metaspace.
# Possible reasons:
#   The system is out of physical RAM or swap space
#   The process is running with CompressedOops enabled, and the Java Heap may be blocking the growth of the native heap
# Possible solutions:
#   Reduce memory load on the system
#   Increase physical memory or swap space
#   Check if swap backing store is full
#   Decrease Java heap size (-Xmx/-Xms)
#   Decrease number of Java threads
#   Decrease Java thread stack sizes (-Xss)
#   Set larger code cache with -XX:ReservedCodeCacheSize=
#   JVM is running with Unscaled Compressed Oops mode in which the Java heap is
#     placed in the first 4GB address space. The Java Heap base address is the
#     maximum limit for the native heap growth. Please use -XX:HeapBaseMinAddress
#     to set the Java Heap base and to place the Java Heap above 4GB virtual address.
# This output file may be truncated or incomplete.
#
#  Out of Memory Error (virtualSpaceNode.cpp:110), pid=20912, tid=21488
#
# JRE version: OpenJDK Runtime Environment Microsoft-8035246 (17.0.8+7) (build 17.0.8+7-LTS)
# Java VM: OpenJDK 64-Bit Server VM Microsoft-8035246 (17.0.8+7-LTS, mixed mode, sharing, tiered, compressed oops, compressed class ptrs, g1 gc, windows-amd64)
# No core dump will be written. Minidumps are not enabled by default on client versions of Windows
#

---------------  S U M M A R Y ------------

Command Line: -Xmx64m -Xms64m -Dorg.gradle.appname=gradlew D:\careveta\Nirapod\android\\gradle\wrapper\gradle-wrapper.jar app:installDebug -PreactNativeDevServerPort=8081

Host: Intel(R) Core(TM) i5-10400 CPU @ 2.90GHz, 12 cores, 7G,  Windows 11 , 64 bit Build 22621 (10.0.22621.4391)
Time: Tue Sep 15 00:44:30 2026 Bangladesh Standard Time elapsed time: 12.259159 seconds (0d 0h 0m 12s)

---------------  T H R E A D  ---------------

Current thread (0x0000023536b70200):  JavaThread "main" [_thread_in_vm, id=21488, stack(0x00000094e2f00000,0x00000094e3000000)]

Stack: [0x00000094e2f00000,0x00000094e3000000]
Native frames: (J=compiled Java code, j=interpreted, Vv=VM code, C=native code)
V  [jvm.dll+0x67bf3a]
V  [jvm.dll+0x83a024]
V  [jvm.dll+0x83b7ce]
V  [jvm.dll+0x83be33]
V  [jvm.dll+0x24785f]
V  [jvm.dll+0x8360bb]
V  [jvm.dll+0x6206e6]
V  [jvm.dll+0x1c1f8e]
V  [jvm.dll+0x623031]
V  [jvm.dll+0x621086]
V  [jvm.dll+0x2451dc]
V  [jvm.dll+0x6d315d]
V  [jvm.dll+0x6d3b8f]
V  [jvm.dll+0x374e14]
V  [jvm.dll+0x373eb4]
V  [jvm.dll+0x373e58]
V  [jvm.dll+0x56295f]
V  [jvm.dll+0x562a08]
V  [jvm.dll+0x38794b]
V  [jvm.dll+0x387402]
C  0x0000023545c189d5

Java frames: (J=compiled Java code, j=interpreted, Vv=VM code)
j  java.nio.file.Files.lines(Ljava/nio/file/Path;Ljava/nio/charset/Charset;)Ljava/util/stream/Stream;+12 java.base@17.0.8
j  org.gradle.launcher.daemon.diagnostics.DaemonLogFileUtils.tail(Ljava/io/File;I)Ljava/lang/String;+7
j  org.gradle.launcher.daemon.diagnostics.DaemonDiagnostics.tailDaemonLog()Ljava/lang/String;+6
j  org.gradle.launcher.daemon.diagnostics.DaemonDiagnostics.describe()Ljava/lang/String;+37
j  org.gradle.launcher.daemon.client.DaemonClient.handleDaemonDisappearance(Lorg/gradle/launcher/daemon/protocol/Build;Lorg/gradle/launcher/daemon/diagnostics/DaemonDiagnostics;)Lorg/gradle/launcher/daemon/protocol/Result;+16
j  org.gradle.launcher.daemon.client.DaemonClient.monitorBuild(Lorg/gradle/launcher/daemon/protocol/Build;Lorg/gradle/launcher/daemon/diagnostics/DaemonDiagnostics;Lorg/gradle/launcher/daemon/client/DaemonClientConnection;Lorg/gradle/initialization/BuildCancellationToken;Lorg/gradle/initialization/BuildEventConsumer;)Ljava/lang/Object;+106
j  org.gradle.launcher.daemon.client.DaemonClient.executeBuild(Lorg/gradle/launcher/daemon/protocol/Build;Lorg/gradle/launcher/daemon/client/DaemonClientConnection;Lorg/gradle/initialization/BuildCancellationToken;Lorg/gradle/initialization/BuildEventConsumer;)Lorg/gradle/launcher/exec/BuildActionResult;+128
j  org.gradle.launcher.daemon.client.DaemonClient.execute(Lorg/gradle/internal/invocation/BuildAction;Lorg/gradle/launcher/exec/BuildActionParameters;Lorg/gradle/internal/daemon/client/execution/ClientBuildRequestContext;)Lorg/gradle/launcher/exec/BuildActionResult;+256
j  org.gradle.launcher.daemon.client.DaemonClient.execute(Lorg/gradle/internal/invocation/BuildAction;Ljava/lang/Object;Ljava/lang/Object;)Lorg/gradle/launcher/exec/BuildActionResult;+10
j  org.gradle.launcher.cli.RunBuildAction.run()V+67
j  org.gradle.internal.Actions$RunnableActionAdapter.execute(Ljava/lang/Object;)V+4
j  org.gradle.launcher.cli.DefaultCommandLineActionFactory$ParseAndBuildAction.execute(Lorg/gradle/launcher/bootstrap/ExecutionListener;)V+129
j  org.gradle.launcher.cli.DefaultCommandLineActionFactory$ParseAndBuildAction.execute(Ljava/lang/Object;)V+5
j  org.gradle.launcher.cli.DebugLoggerWarningAction.execute(Lorg/gradle/launcher/bootstrap/ExecutionListener;)V+9
j  org.gradle.launcher.cli.DebugLoggerWarningAction.execute(Ljava/lang/Object;)V+5
j  org.gradle.launcher.cli.WelcomeMessageAction.execute(Lorg/gradle/launcher/bootstrap/ExecutionListener;)V+218
j  org.gradle.launcher.cli.WelcomeMessageAction.execute(Ljava/lang/Object;)V+5
j  org.gradle.launcher.cli.NativeServicesInitializingAction.execute(Lorg/gradle/launcher/bootstrap/ExecutionListener;)V+47
j  org.gradle.launcher.cli.NativeServicesInitializingAction.execute(Ljava/lang/Object;)V+5
j  org.gradle.launcher.cli.ExceptionReportingAction.execute(Lorg/gradle/launcher/bootstrap/ExecutionListener;)V+5
j  org.gradle.launcher.cli.ExceptionReportingAction.execute(Ljava/lang/Object;)V+5
j  org.gradle.launcher.cli.DefaultCommandLineActionFactory$WithLogging.execute(Lorg/gradle/launcher/bootstrap/ExecutionListener;)V+309
j  org.gradle.launcher.Main.doAction([Ljava/lang/String;Lorg/gradle/launcher/bootstrap/ExecutionListener;)V+14
j  org.gradle.launcher.bootstrap.EntryPoint.run([Ljava/lang/String;)V+12
v  ~StubRoutines::call_stub
j  jdk.internal.reflect.NativeMethodAccessorImpl.invoke0(Ljava/lang/reflect/Method;Ljava/lang/Object;[Ljava/lang/Object;)Ljava/lang/Object;+0 java.base@17.0.8
j  jdk.internal.reflect.NativeMethodAccessorImpl.invoke(Ljava/lang/Object;[Ljava/lang/Object;)Ljava/lang/Object;+133 java.base@17.0.8
j  jdk.internal.reflect.DelegatingMethodAccessorImpl.invoke(Ljava/lang/Object;[Ljava/lang/Object;)Ljava/lang/Object;+6 java.base@17.0.8
j  java.lang.reflect.Method.invoke(Ljava/lang/Object;[Ljava/lang/Object;)Ljava/lang/Object;+59 java.base@17.0.8
j  org.gradle.launcher.bootstrap.ProcessBootstrap.runNoExit(Ljava/lang/String;Ljava/lang/String;Ljava/lang/String;[Ljava/lang/String;)V+200
j  org.gradle.launcher.bootstrap.ProcessBootstrap.run(Ljava/lang/String;Ljava/lang/String;Ljava/lang/String;[Ljava/lang/String;)V+4
j  org.gradle.launcher.GradleMain.main([Ljava/lang/String;)V+10
v  ~StubRoutines::call_stub
j  jdk.internal.reflect.NativeMethodAccessorImpl.invoke0(Ljava/lang/reflect/Method;Ljava/lang/Object;[Ljava/lang/Object;)Ljava/lang/Object;+0 java.base@17.0.8
j  jdk.internal.reflect.NativeMethodAccessorImpl.invoke(Ljava/lang/Object;[Ljava/lang/Object;)Ljava/lang/Object;+133 java.base@17.0.8
j  jdk.internal.reflect.DelegatingMethodAccessorImpl.invoke(Ljava/lang/Object;[Ljava/lang/Object;)Ljava/lang/Object;+6 java.base@17.0.8
j  java.lang.reflect.Method.invoke(Ljava/lang/Object;[Ljava/lang/Object;)Ljava/lang/Object;+59 java.base@17.0.8
j  org.gradle.wrapper.GradleWrapperMain.lambda$prepareWrapper$0(Lorg/gradle/wrapper/WrapperExecutor;[Ljava/lang/String;Lorg/gradle/wrapper/Logger;Lorg/gradle/wrapper/Download;Ljava/io/File;Ljava/io/File;)V+737
j  org.gradle.wrapper.GradleWrapperMain$$Lambda$5+0x00000235530038e8.execute()V+24
j  org.gradle.wrapper.GradleWrapperMain.main([Ljava/lang/String;)V+60
v  ~StubRoutines::call_stub

---------------  P R O C E S S  ---------------

Threads class SMR info:
_java_thread_list=0x00000235978449d0, length=13, elements={
0x0000023536b70200, 0x000002355114cec0, 0x000002355114dd40, 0x0000023551166630,
0x0000023551166ff0, 0x00000235511699c0, 0x000002355116cb30, 0x00000235511738b0,
0x000002355117bd80, 0x000002355117e2b0, 0x00000235513c64c0, 0x00000235513c9c80,
0x0000023597579b40
}

Java Threads: ( => current thread )
=>0x0000023536b70200 JavaThread "main" [_thread_in_vm, id=21488, stack(0x00000094e2f00000,0x00000094e3000000)]
  0x000002355114cec0 JavaThread "Reference Handler" daemon [_thread_blocked, id=3108, stack(0x00000094e3600000,0x00000094e3700000)]
  0x000002355114dd40 JavaThread "Finalizer" daemon [_thread_blocked, id=13556, stack(0x00000094e3700000,0x00000094e3800000)]
  0x0000023551166630 JavaThread "Signal Dispatcher" daemon [_thread_blocked, id=11308, stack(0x00000094e3800000,0x00000094e3900000)]
  0x0000023551166ff0 JavaThread "Attach Listener" daemon [_thread_blocked, id=21528, stack(0x00000094e3900000,0x00000094e3a00000)]
  0x00000235511699c0 JavaThread "Service Thread" daemon [_thread_blocked, id=17040, stack(0x00000094e3a00000,0x00000094e3b00000)]
  0x000002355116cb30 JavaThread "Monitor Deflation Thread" daemon [_thread_blocked, id=24684, stack(0x00000094e3b00000,0x00000094e3c00000)]
  0x00000235511738b0 JavaThread "C2 CompilerThread0" daemon [_thread_blocked, id=26440, stack(0x00000094e3c00000,0x00000094e3d00000)]
  0x000002355117bd80 JavaThread "C1 CompilerThread0" daemon [_thread_in_vm, id=26612, stack(0x00000094e3d00000,0x00000094e3e00000)]
  0x000002355117e2b0 JavaThread "Sweeper thread" daemon [_thread_blocked, id=26184, stack(0x00000094e3e00000,0x00000094e3f00000)]
  0x00000235513c64c0 JavaThread "Notification Thread" daemon [_thread_blocked, id=26064, stack(0x00000094e3f00000,0x00000094e4000000)]
  0x00000235513c9c80 JavaThread "Common-Cleaner" daemon [_thread_blocked, id=26176, stack(0x00000094e4100000,0x00000094e4200000)]
  0x0000023597579b40 JavaThread "pool-1-thread-1" [_thread_blocked, id=1744, stack(0x00000094e4800000,0x00000094e4900000)]

Other Threads:
  0x0000023551149b20 VMThread "VM Thread" [stack: 0x00000094e3500000,0x00000094e3600000] [id=2352]
  0x00000235513c89b0 WatcherThread [stack: 0x00000094e4000000,0x00000094e4100000] [id=26148]
  0x0000023536b90480 GCTaskThread "GC Thread#0" [stack: 0x00000094e3000000,0x00000094e3100000] [id=19028]
  0x00000235973490f0 GCTaskThread "GC Thread#1" [stack: 0x00000094e4300000,0x00000094e4400000] [id=4484]
  0x000002359726fea0 GCTaskThread "GC Thread#2" [stack: 0x00000094e4400000,0x00000094e4500000] [id=16556]
  0x0000023551cc8d90 GCTaskThread "GC Thread#3" [stack: 0x00000094e4500000,0x00000094e4600000] [id=22220]
  0x0000023551cc9050 GCTaskThread "GC Thread#4" [stack: 0x00000094e4600000,0x00000094e4700000] [id=23584]
  0x0000023551967830 GCTaskThread "GC Thread#5" [stack: 0x00000094e4700000,0x00000094e4800000] [id=6624]
  0x0000023551375520 GCTaskThread "GC Thread#6" [stack: 0x00000094e4900000,0x00000094e4a00000] [id=19792]
  0x0000023551375e00 GCTaskThread "GC Thread#7" [stack: 0x00000094e4a00000,0x00000094e4b00000] [id=10620]
  0x00000235513760c0 GCTaskThread "GC Thread#8" [stack: 0x00000094e4b00000,0x00000094e4c00000] [id=2228]
  0x0000023551376380 GCTaskThread "GC Thread#9" [stack: 0x00000094e4c00000,0x00000094e4d00000] [id=9816]
  0x0000023536b91bd0 ConcurrentGCThread "G1 Main Marker" [stack: 0x00000094e3100000,0x00000094e3200000] [id=11972]
  0x0000023536b925e0 ConcurrentGCThread "G1 Conc#0" [stack: 0x00000094e3200000,0x00000094e3300000] [id=24696]
  0x0000023536bfb170 ConcurrentGCThread "G1 Refine#0" [stack: 0x00000094e3300000,0x00000094e3400000] [id=21844]
  0x0000023536bfbba0 ConcurrentGCThread "G1 Service" [stack: 0x00000094e3400000,0x00000094e3500000] [id=13632]

Threads with active compile tasks:
C1 CompilerThread0    12391 1539       3       org.gradle.internal.logging.text.AbstractLineChoppingStyledTextOutput$1::execute (140 bytes)

VM state: not at safepoint (normal execution)

VM Mutex/Monitor currently owned by a thread:  ([mutex/lock_event])
[0x0000023536b6af30] Metaspace_lock - owner thread: 0x0000023536b70200
[0x0000023536b6aa20] MethodData_lock - owner thread: 0x000002355117bd80

Heap address: 0x00000000fc000000, size: 64 MB, Compressed Oops mode: 32-bit

CDS archive(s) mapped at: [0x0000023552000000-0x0000023552bd0000-0x0000023552bd0000), size 12386304, SharedBaseAddress: 0x0000023552000000, ArchiveRelocationMode: 1.
Compressed class space mapped at: 0x0000023553000000-0x0000023593000000, reserved size: 1073741824
Narrow klass base: 0x0000023552000000, Narrow klass shift: 0, Narrow klass range: 0x100000000

GC Precious Log:
 CPUs: 12 total, 12 available
 Memory: 8021M
 Large Page Support: Disabled
 NUMA Support: Disabled
 Compressed Oops: Enabled (32-bit)
 Heap Region Size: 1M
 Heap Min Capacity: 64M
 Heap Initial Capacity: 64M
 Heap Max Capacity: 64M
 Pre-touch: Disabled
 Parallel Workers: 10
 Concurrent Workers: 3
 Concurrent Refinement Workers: 10
 Periodic GC: Disabled

Heap:
 garbage-first heap   total 65536K, used 15464K [0x00000000fc000000, 0x0000000100000000)
  region size 1024K, 6 young (6144K), 4 survivors (4096K)
 Metaspace       used 10427K, committed 10624K, reserved 1114112K
  class space    used 1375K, committed 1472K, reserved 1048576K

Heap Regions: E=young(eden), S=young(survivor), O=old, HS=humongous(starts), HC=humongous(continues), CS=collection set, F=free, OA=open archive, CA=closed archive, TAMS=top-at-mark-start (previous, next)
|   0|0x00000000fc000000, 0x00000000fc100000, 0x00000000fc100000|100%| O|  |TAMS 0x00000000fc000000, 0x00000000fc000000| Untracked 
|   1|0x00000000fc100000, 0x00000000fc200000, 0x00000000fc200000|100%| O|  |TAMS 0x00000000fc100000, 0x00000000fc100000| Untracked 
|   2|0x00000000fc200000, 0x00000000fc300000, 0x00000000fc300000|100%| O|  |TAMS 0x00000000fc200000, 0x00000000fc200000| Untracked 
|   3|0x00000000fc300000, 0x00000000fc400000, 0x00000000fc400000|100%| O|  |TAMS 0x00000000fc300000, 0x00000000fc300000| Untracked 
|   4|0x00000000fc400000, 0x00000000fc500000, 0x00000000fc500000|100%|HS|  |TAMS 0x00000000fc400000, 0x00000000fc400000| Complete 
|   5|0x00000000fc500000, 0x00000000fc600000, 0x00000000fc600000|100%|HC|  |TAMS 0x00000000fc500000, 0x00000000fc500000| Complete 
|   6|0x00000000fc600000, 0x00000000fc700000, 0x00000000fc700000|100%|HC|  |TAMS 0x00000000fc600000, 0x00000000fc600000| Complete 
|   7|0x00000000fc700000, 0x00000000fc800000, 0x00000000fc800000|100%|HC|  |TAMS 0x00000000fc700000, 0x00000000fc700000| Complete 
|   8|0x00000000fc800000, 0x00000000fc900000, 0x00000000fc900000|100%| O|  |TAMS 0x00000000fc800000, 0x00000000fc800000| Untracked 
|   9|0x00000000fc900000, 0x00000000fca00000, 0x00000000fca00000|100%| O|  |TAMS 0x00000000fc900000, 0x00000000fc900000| Untracked 
|  10|0x00000000fca00000, 0x00000000fca3d400, 0x00000000fcb00000| 23%| O|  |TAMS 0x00000000fca00000, 0x00000000fca00000| Untracked 
|  11|0x00000000fcb00000, 0x00000000fcb00000, 0x00000000fcc00000|  0%| F|  |TAMS 0x00000000fcb00000, 0x00000000fcb00000| Untracked 
|  12|0x00000000fcc00000, 0x00000000fcc00000, 0x00000000fcd00000|  0%| F|  |TAMS 0x00000000fcc00000, 0x00000000fcc00000| Untracked 
|  13|0x00000000fcd00000, 0x00000000fcd00000, 0x00000000fce00000|  0%| F|  |TAMS 0x00000000fcd00000, 0x00000000fcd00000| Untracked 
|  14|0x00000000fce00000, 0x00000000fce00000, 0x00000000fcf00000|  0%| F|  |TAMS 0x00000000fce00000, 0x00000000fce00000| Untracked 
|  15|0x00000000fcf00000, 0x00000000fcf00000, 0x00000000fd000000|  0%| F|  |TAMS 0x00000000fcf00000, 0x00000000fcf00000| Untracked 
|  16|0x00000000fd000000, 0x00000000fd000000, 0x00000000fd100000|  0%| F|  |TAMS 0x00000000fd000000, 0x00000000fd000000| Untracked 
|  17|0x00000000fd100000, 0x00000000fd100000, 0x00000000fd200000|  0%| F|  |TAMS 0x00000000fd100000, 0x00000000fd100000| Untracked 
|  18|0x00000000fd200000, 0x00000000fd200000, 0x00000000fd300000|  0%| F|  |TAMS 0x00000000fd200000, 0x00000000fd200000| Untracked 
|  19|0x00000000fd300000, 0x00000000fd300000, 0x00000000fd400000|  0%| F|  |TAMS 0x00000000fd300000, 0x00000000fd300000| Untracked 
|  20|0x00000000fd400000, 0x00000000fd400000, 0x00000000fd500000|  0%| F|  |TAMS 0x00000000fd400000, 0x00000000fd400000| Untracked 
|  21|0x00000000fd500000, 0x00000000fd500000, 0x00000000fd600000|  0%| F|  |TAMS 0x00000000fd500000, 0x00000000fd500000| Untracked 
|  22|0x00000000fd600000, 0x00000000fd600000, 0x00000000fd700000|  0%| F|  |TAMS 0x00000000fd600000, 0x00000000fd600000| Untracked 
|  23|0x00000000fd700000, 0x00000000fd700000, 0x00000000fd800000|  0%| F|  |TAMS 0x00000000fd700000, 0x00000000fd700000| Untracked 
|  24|0x00000000fd800000, 0x00000000fd800000, 0x00000000fd900000|  0%| F|  |TAMS 0x00000000fd800000, 0x00000000fd800000| Untracked 
|  25|0x00000000fd900000, 0x00000000fd900000, 0x00000000fda00000|  0%| F|  |TAMS 0x00000000fd900000, 0x00000000fd900000| Untracked 
|  26|0x00000000fda00000, 0x00000000fda00000, 0x00000000fdb00000|  0%| F|  |TAMS 0x00000000fda00000, 0x00000000fda00000| Untracked 
|  27|0x00000000fdb00000, 0x00000000fdb00000, 0x00000000fdc00000|  0%| F|  |TAMS 0x00000000fdb00000, 0x00000000fdb00000| Untracked 
|  28|0x00000000fdc00000, 0x00000000fdc00000, 0x00000000fdd00000|  0%| F|  |TAMS 0x00000000fdc00000, 0x00000000fdc00000| Untracked 
|  29|0x00000000fdd00000, 0x00000000fdd00000, 0x00000000fde00000|  0%| F|  |TAMS 0x00000000fdd00000, 0x00000000fdd00000| Untracked 
|  30|0x00000000fde00000, 0x00000000fde00000, 0x00000000fdf00000|  0%| F|  |TAMS 0x00000000fde00000, 0x00000000fde00000| Untracked 
|  31|0x00000000fdf00000, 0x00000000fdf00000, 0x00000000fe000000|  0%| F|  |TAMS 0x00000000fdf00000, 0x00000000fdf00000| Untracked 
|  32|0x00000000fe000000, 0x00000000fe000000, 0x00000000fe100000|  0%| F|  |TAMS 0x00000000fe000000, 0x00000000fe000000| Untracked 
|  33|0x00000000fe100000, 0x00000000fe1dcc40, 0x00000000fe200000| 86%| S|CS|TAMS 0x00000000fe100000, 0x00000000fe100000| Complete 
|  34|0x00000000fe200000, 0x00000000fe300000, 0x00000000fe300000|100%| S|CS|TAMS 0x00000000fe200000, 0x00000000fe200000| Complete 
|  35|0x00000000fe300000, 0x00000000fe400000, 0x00000000fe400000|100%| S|CS|TAMS 0x00000000fe300000, 0x00000000fe300000| Complete 
|  36|0x00000000fe400000, 0x00000000fe500000, 0x00000000fe500000|100%| S|CS|TAMS 0x00000000fe400000, 0x00000000fe400000| Complete 
|  37|0x00000000fe500000, 0x00000000fe500000, 0x00000000fe600000|  0%| F|  |TAMS 0x00000000fe500000, 0x00000000fe500000| Untracked 
|  38|0x00000000fe600000, 0x00000000fe600000, 0x00000000fe700000|  0%| F|  |TAMS 0x00000000fe600000, 0x00000000fe600000| Untracked 
|  39|0x00000000fe700000, 0x00000000fe700000, 0x00000000fe800000|  0%| F|  |TAMS 0x00000000fe700000, 0x00000000fe700000| Untracked 
|  40|0x00000000fe800000, 0x00000000fe800000, 0x00000000fe900000|  0%| F|  |TAMS 0x00000000fe800000, 0x00000000fe800000| Untracked 
|  41|0x00000000fe900000, 0x00000000fe900000, 0x00000000fea00000|  0%| F|  |TAMS 0x00000000fe900000, 0x00000000fe900000| Untracked 
|  42|0x00000000fea00000, 0x00000000fea00000, 0x00000000feb00000|  0%| F|  |TAMS 0x00000000fea00000, 0x00000000fea00000| Untracked 
|  43|0x00000000feb00000, 0x00000000feb00000, 0x00000000fec00000|  0%| F|  |TAMS 0x00000000feb00000, 0x00000000feb00000| Untracked 
|  44|0x00000000fec00000, 0x00000000fec00000, 0x00000000fed00000|  0%| F|  |TAMS 0x00000000fec00000, 0x00000000fec00000| Untracked 
|  45|0x00000000fed00000, 0x00000000fed00000, 0x00000000fee00000|  0%| F|  |TAMS 0x00000000fed00000, 0x00000000fed00000| Untracked 
|  46|0x00000000fee00000, 0x00000000fee00000, 0x00000000fef00000|  0%| F|  |TAMS 0x00000000fee00000, 0x00000000fee00000| Untracked 
|  47|0x00000000fef00000, 0x00000000fef00000, 0x00000000ff000000|  0%| F|  |TAMS 0x00000000fef00000, 0x00000000fef00000| Untracked 
|  48|0x00000000ff000000, 0x00000000ff000000, 0x00000000ff100000|  0%| F|  |TAMS 0x00000000ff000000, 0x00000000ff000000| Untracked 
|  49|0x00000000ff100000, 0x00000000ff100000, 0x00000000ff200000|  0%| F|  |TAMS 0x00000000ff100000, 0x00000000ff100000| Untracked 
|  50|0x00000000ff200000, 0x00000000ff200000, 0x00000000ff300000|  0%| F|  |TAMS 0x00000000ff200000, 0x00000000ff200000| Untracked 
|  51|0x00000000ff300000, 0x00000000ff300000, 0x00000000ff400000|  0%| F|  |TAMS 0x00000000ff300000, 0x00000000ff300000| Untracked 
|  52|0x00000000ff400000, 0x00000000ff400000, 0x00000000ff500000|  0%| F|  |TAMS 0x00000000ff400000, 0x00000000ff400000| Untracked 
|  53|0x00000000ff500000, 0x00000000ff500000, 0x00000000ff600000|  0%| F|  |TAMS 0x00000000ff500000, 0x00000000ff500000| Untracked 
|  54|0x00000000ff600000, 0x00000000ff600000, 0x00000000ff700000|  0%| F|  |TAMS 0x00000000ff600000, 0x00000000ff600000| Untracked 
|  55|0x00000000ff700000, 0x00000000ff700000, 0x00000000ff800000|  0%| F|  |TAMS 0x00000000ff700000, 0x00000000ff700000| Untracked 
|  56|0x00000000ff800000, 0x00000000ff800000, 0x00000000ff900000|  0%| F|  |TAMS 0x00000000ff800000, 0x00000000ff800000| Untracked 
|  57|0x00000000ff900000, 0x00000000ff900000, 0x00000000ffa00000|  0%| F|  |TAMS 0x00000000ff900000, 0x00000000ff900000| Untracked 
|  58|0x00000000ffa00000, 0x00000000ffa00000, 0x00000000ffb00000|  0%| F|  |TAMS 0x00000000ffa00000, 0x00000000ffa00000| Untracked 
|  59|0x00000000ffb00000, 0x00000000ffb00000, 0x00000000ffc00000|  0%| F|  |TAMS 0x00000000ffb00000, 0x00000000ffb00000| Untracked 
|  60|0x00000000ffc00000, 0x00000000ffc00000, 0x00000000ffd00000|  0%| F|  |TAMS 0x00000000ffc00000, 0x00000000ffc00000| Untracked 
|  61|0x00000000ffd00000, 0x00000000ffd00000, 0x00000000ffe00000|  0%| F|  |TAMS 0x00000000ffd00000, 0x00000000ffd00000| Untracked 
|  62|0x00000000ffe00000, 0x00000000ffeab940, 0x00000000fff00000| 67%| E|  |TAMS 0x00000000ffe00000, 0x00000000ffe00000| Complete 
|  63|0x00000000fff00000, 0x0000000100000000, 0x0000000100000000|100%| E|CS|TAMS 0x00000000fff00000, 0x00000000fff00000| Complete 

Card table byte_map: [0x0000023536c40000,0x0000023536c60000] _byte_map_base: 0x0000023536460000

Marking Bits (Prev, Next): (CMBitMap*) 0x0000023536b90aa0, (CMBitMap*) 0x0000023536b90ae0
 Prev Bits: [0x000002354e350000, 0x000002354e450000)
 Next Bits: [0x000002354e450000, 0x000002354e550000)

Polling page: 0x0000023535330000

Metaspace:

Usage:
  Non-class:      8.84 MB used.
      Class:      1.34 MB used.
       Both:     10.18 MB used.

Virtual space:
  Non-class space:       64.00 MB reserved,       8.94 MB ( 14%) committed,  1 nodes.
      Class space:        1.00 GB reserved,       1.44 MB ( <1%) committed,  1 nodes.
             Both:        1.06 GB reserved,      10.38 MB ( <1%) committed. 

Chunk freelists:
   Non-Class:  6.11 MB
       Class:  14.54 MB
        Both:  20.65 MB

MaxMetaspaceSize: unlimited
CompressedClassSpaceSize: 1.00 GB
Initial GC threshold: 21.00 MB
Current GC threshold: 21.00 MB
CDS: on
MetaspaceReclaimPolicy: balanced
 - commit_granule_bytes: 65536.
 - commit_granule_words: 8192.
 - virtual_space_node_default_size: 8388608.
 - enlarge_chunks_in_place: 1.
 - new_chunks_are_fully_committed: 0.
 - uncommit_free_chunks: 1.
 - use_allocation_guard: 0.
 - handle_deallocations: 1.


Internal statistics:

num_allocs_failed_limit: 0.
num_arena_births: 98.
num_arena_deaths: 0.
num_vsnodes_births: 2.
num_vsnodes_deaths: 0.
num_space_committed: 166.
num_space_uncommitted: 0.
num_chunks_returned_to_freelist: 0.
num_chunks_taken_from_freelist: 381.
num_chunk_merges: 0.
num_chunk_splits: 263.
num_chunks_enlarged: 212.
num_inconsistent_stats: 0.

CodeHeap 'non-profiled nmethods': size=120000Kb used=635Kb max_used=635Kb free=119364Kb
 bounds [0x00000235461a0000, 0x0000023546410000, 0x000002354d6d0000]
CodeHeap 'profiled nmethods': size=120000Kb used=2895Kb max_used=2895Kb free=117104Kb
 bounds [0x000002353e6d0000, 0x000002353e9b0000, 0x0000023545c00000]
CodeHeap 'non-nmethods': size=5760Kb used=1190Kb max_used=1214Kb free=4569Kb
 bounds [0x0000023545c00000, 0x0000023545e70000, 0x00000235461a0000]
 total_blobs=2034 nmethods=1539 adapters=408
 compilation: enabled
              stopped_count=0, restarted_count=0
 full_count=0

Compilation events (20 events):
Event: 10.470 Thread 0x000002355117bd80 1520       3       java.util.ArrayList::clear (43 bytes)
Event: 10.470 Thread 0x000002355117bd80 nmethod 1520 0x000002353e99de90 code [0x000002353e99e040, 0x000002353e99e3b8]
Event: 10.590 Thread 0x000002355117bd80 1521       1       java.lang.AbstractStringBuilder::length (5 bytes)
Event: 10.590 Thread 0x000002355117bd80 nmethod 1521 0x000002354623e410 code [0x000002354623e5a0, 0x000002354623e678]
Event: 10.740 Thread 0x000002355117bd80 1522       1       org.gradle.internal.logging.console.DefaultRedrawableLabel::setText (6 bytes)
Event: 10.740 Thread 0x000002355117bd80 nmethod 1522 0x000002354623e710 code [0x000002354623e8a0, 0x000002354623e9b8]
Event: 11.275 Thread 0x000002355117bd80 1523       3       java.lang.StringBuilder::append (6 bytes)
Event: 11.276 Thread 0x000002355117bd80 nmethod 1523 0x000002353e99e510 code [0x000002353e99e6c0, 0x000002353e99e868]
Event: 11.382 Thread 0x000002355117bd80 1524       3       java.util.Collections$SingletonList::get (41 bytes)
Event: 11.382 Thread 0x000002355117bd80 nmethod 1524 0x000002353e99e910 code [0x000002353e99eb60, 0x000002353e99f288]
Event: 11.474 Thread 0x000002355117bd80 1525       3       java.util.AbstractList::listIterator (6 bytes)
Event: 11.474 Thread 0x000002355117bd80 nmethod 1525 0x000002353e99f590 code [0x000002353e99f740, 0x000002353e99f908]
Event: 11.474 Thread 0x000002355117bd80 1527       3       java.util.concurrent.locks.AbstractQueuedSynchronizer::signalNext (34 bytes)
Event: 11.474 Thread 0x000002355117bd80 nmethod 1527 0x000002353e99f990 code [0x000002353e99fb60, 0x000002353e99fe18]
Event: 11.474 Thread 0x000002355117bd80 1526       3       java.lang.Enum::equals (11 bytes)
Event: 11.474 Thread 0x000002355117bd80 nmethod 1526 0x000002353e99ff90 code [0x000002353e9a0120, 0x000002353e9a0298]
Event: 11.673 Thread 0x000002355117bd80 1528       3       java.util.AbstractList::listIterator (15 bytes)
Event: 11.673 Thread 0x000002355117bd80 nmethod 1528 0x000002353e9a0310 code [0x000002353e9a0500, 0x000002353e9a0b28]
Event: 11.673 Thread 0x000002355117bd80 1529       3       java.util.AbstractList::rangeCheckForAdd (26 bytes)
Event: 11.674 Thread 0x000002355117bd80 nmethod 1529 0x000002353e9a0d10 code [0x000002353e9a0f60, 0x000002353e9a1788]

GC Heap History (4 events):
Event: 0.604 GC heap before
{Heap before GC invocations=0 (full 0):
 garbage-first heap   total 65536K, used 22528K [0x00000000fc000000, 0x0000000100000000)
  region size 1024K, 23 young (23552K), 0 survivors (0K)
 Metaspace       used 3525K, committed 3712K, reserved 1114112K
  class space    used 433K, committed 512K, reserved 1048576K
}
Event: 0.613 GC heap after
{Heap after GC invocations=1 (full 0):
 garbage-first heap   total 65536K, used 6280K [0x00000000fc000000, 0x0000000100000000)
  region size 1024K, 3 young (3072K), 3 survivors (3072K)
 Metaspace       used 3525K, committed 3712K, reserved 1114112K
  class space    used 433K, committed 512K, reserved 1048576K
}
Event: 5.416 GC heap before
{Heap before GC invocations=1 (full 0):
 garbage-first heap   total 65536K, used 34952K [0x00000000fc000000, 0x0000000100000000)
  region size 1024K, 27 young (27648K), 3 survivors (3072K)
 Metaspace       used 9974K, committed 10176K, reserved 1114112K
  class space    used 1321K, committed 1408K, reserved 1048576K
}
Event: 5.426 GC heap after
{Heap after GC invocations=2 (full 0):
 garbage-first heap   total 65536K, used 14440K [0x00000000fc000000, 0x0000000100000000)
  region size 1024K, 4 young (4096K), 4 survivors (4096K)
 Metaspace       used 9974K, committed 10176K, reserved 1114112K
  class space    used 1321K, committed 1408K, reserved 1048576K
}

Dll operation events (12 events):
Event: 0.009 Loaded shared library C:\Program Files\Microsoft\jdk-17.0.8.7-hotspot\bin\java.dll
Event: 0.031 Loaded shared library C:\Program Files\Microsoft\jdk-17.0.8.7-hotspot\bin\jsvml.dll
Event: 0.058 Loaded shared library C:\Program Files\Microsoft\jdk-17.0.8.7-hotspot\bin\net.dll
Event: 0.061 Loaded shared library C:\Program Files\Microsoft\jdk-17.0.8.7-hotspot\bin\nio.dll
Event: 0.063 Loaded shared library C:\Program Files\Microsoft\jdk-17.0.8.7-hotspot\bin\zip.dll
Event: 0.293 Loaded shared library C:\Program Files\Microsoft\jdk-17.0.8.7-hotspot\bin\jimage.dll
Event: 0.751 Loaded shared library C:\Program Files\Microsoft\jdk-17.0.8.7-hotspot\bin\management.dll
Event: 0.754 Loaded shared library C:\Program Files\Microsoft\jdk-17.0.8.7-hotspot\bin\management_ext.dll
Event: 0.803 Loaded shared library C:\Users\User\.gradle\native\660c5614fbf4a5f2a75b1949f50a0caf5cd603558e7d8a26e50b933a0cfb79d1\windows-amd64\native-platform.dll
Event: 0.838 Loaded shared library C:\Users\User\.gradle\native\jansi\2.4.2\Windows\x86_64\jansi.dll
Event: 1.499 Loaded shared library C:\Program Files\Microsoft\jdk-17.0.8.7-hotspot\bin\verify.dll
Event: 5.448 Loaded shared library C:\Program Files\Microsoft\jdk-17.0.8.7-hotspot\bin\sunmscapi.dll

Deoptimization events (20 events):
Event: 5.414 Thread 0x0000023536b70200 Uncommon trap: trap_request=0xffffffde fr.pc=0x00000235462084f4 relative=0x0000000000000334
Event: 5.414 Thread 0x0000023536b70200 Uncommon trap: reason=class_check action=maybe_recompile pc=0x00000235462084f4 method=java.util.HashMap.getNode(Ljava/lang/Object;)Ljava/util/HashMap$Node; @ 128 c2
Event: 5.414 Thread 0x0000023536b70200 DEOPT PACKING pc=0x00000235462084f4 sp=0x00000094e2ffa190
Event: 5.414 Thread 0x0000023536b70200 DEOPT UNPACKING pc=0x0000023545c569a3 sp=0x00000094e2ffa098 mode 2
Event: 5.414 Thread 0x0000023536b70200 Uncommon trap: trap_request=0xffffffde fr.pc=0x000002354622a828 relative=0x0000000000000aa8
Event: 5.414 Thread 0x0000023536b70200 Uncommon trap: reason=class_check action=maybe_recompile pc=0x000002354622a828 method=java.util.HashMap.putVal(ILjava/lang/Object;Ljava/lang/Object;ZZ)Ljava/lang/Object; @ 203 c2
Event: 5.414 Thread 0x0000023536b70200 DEOPT PACKING pc=0x000002354622a828 sp=0x00000094e2ffa100
Event: 5.414 Thread 0x0000023536b70200 DEOPT UNPACKING pc=0x0000023545c569a3 sp=0x00000094e2ffa090 mode 2
Event: 5.414 Thread 0x0000023536b70200 Uncommon trap: trap_request=0xffffffde fr.pc=0x000002354622a828 relative=0x0000000000000aa8
Event: 5.414 Thread 0x0000023536b70200 Uncommon trap: reason=class_check action=maybe_recompile pc=0x000002354622a828 method=java.util.HashMap.putVal(ILjava/lang/Object;Ljava/lang/Object;ZZ)Ljava/lang/Object; @ 203 c2
Event: 5.414 Thread 0x0000023536b70200 DEOPT PACKING pc=0x000002354622a828 sp=0x00000094e2ffa100
Event: 5.414 Thread 0x0000023536b70200 DEOPT UNPACKING pc=0x0000023545c569a3 sp=0x00000094e2ffa090 mode 2
Event: 5.415 Thread 0x0000023536b70200 Uncommon trap: trap_request=0xffffffde fr.pc=0x000002354622a828 relative=0x0000000000000aa8
Event: 5.415 Thread 0x0000023536b70200 Uncommon trap: reason=class_check action=maybe_recompile pc=0x000002354622a828 method=java.util.HashMap.putVal(ILjava/lang/Object;Ljava/lang/Object;ZZ)Ljava/lang/Object; @ 203 c2
Event: 5.415 Thread 0x0000023536b70200 DEOPT PACKING pc=0x000002354622a828 sp=0x00000094e2ffa100
Event: 5.415 Thread 0x0000023536b70200 DEOPT UNPACKING pc=0x0000023545c569a3 sp=0x00000094e2ffa090 mode 2
Event: 5.428 Thread 0x0000023536b70200 Uncommon trap: trap_request=0xffffffde fr.pc=0x000002354622a828 relative=0x0000000000000aa8
Event: 5.428 Thread 0x0000023536b70200 Uncommon trap: reason=class_check action=maybe_recompile pc=0x000002354622a828 method=java.util.HashMap.putVal(ILjava/lang/Object;Ljava/lang/Object;ZZ)Ljava/lang/Object; @ 203 c2
Event: 5.428 Thread 0x0000023536b70200 DEOPT PACKING pc=0x000002354622a828 sp=0x00000094e2ffa100
Event: 5.428 Thread 0x0000023536b70200 DEOPT UNPACKING pc=0x0000023545c569a3 sp=0x00000094e2ffa090 mode 2

Classes unloaded (0 events):
No events

Classes redefined (0 events):
No events

Internal exceptions (20 events):
Event: 0.854 Thread 0x0000023536b70200 Exception <a 'java/lang/NullPointerException'{0x00000000ff922478}> (0x00000000ff922478) 
thrown [s\src\hotspot\share\interpreter\linkResolver.cpp, line 1350]
Event: 0.854 Thread 0x0000023536b70200 Exception <a 'java/lang/NullPointerException'{0x00000000ff9229f8}> (0x00000000ff9229f8) 
thrown [s\src\hotspot\share\interpreter\linkResolver.cpp, line 1350]
Event: 0.854 Thread 0x0000023536b70200 Exception <a 'java/lang/NullPointerException'{0x00000000ff922f78}> (0x00000000ff922f78) 
thrown [s\src\hotspot\share\interpreter\linkResolver.cpp, line 1350]
Event: 0.910 Thread 0x0000023536b70200 Exception <a 'java/lang/NoSuchMethodError'{0x00000000ff609da0}: 'java.lang.Object java.lang.invoke.DirectMethodHandle$Holder.newInvokeSpecial(java.lang.Object, java.lang.Object, java.lang.Object, java.lang.Object, java.lang.Object)'> (0x00000000ff609da0) 
thrown [s\src\hotspot\share\interpreter\linkResolver.cpp, line 759]
Event: 0.926 Thread 0x0000023536b70200 Exception <a 'java/lang/NoSuchMethodError'{0x00000000ff6daed8}: 'void java.lang.invoke.DirectMethodHandle$Holder.invokeSpecial(java.lang.Object, java.lang.Object, java.lang.Object)'> (0x00000000ff6daed8) 
thrown [s\src\hotspot\share\interpreter\linkResolver.cpp, line 759]
Event: 1.110 Thread 0x0000023536b70200 Exception <a 'java/lang/NoSuchMethodError'{0x00000000ff4baed8}: 'void java.lang.invoke.DirectMethodHandle$Holder.invokeStatic(java.lang.Object, java.lang.Object, java.lang.Object)'> (0x00000000ff4baed8) 
thrown [s\src\hotspot\share\interpreter\linkResolver.cpp, line 759]
Event: 1.141 Thread 0x0000023536b70200 Exception <a 'java/lang/NoSuchMethodError'{0x00000000ff2fb3a0}: 'java.lang.Object java.lang.invoke.DirectMethodHandle$Holder.newInvokeSpecial(java.lang.Object, java.lang.Object, java.lang.Object, java.lang.Object, java.lang.Object, java.lang.Object, java.lang.Object, java.lang.Object)'> (0x00000000ff2fb3a0) 
thrown [s\src\hotspot\share\interpreter\linkResolver.cpp, line 759]
Event: 1.141 Thread 0x0000023536b70200 Exception <a 'java/lang/NoSuchMethodError'{0x00000000ff100e50}: 'java.lang.Object java.lang.invoke.DirectMethodHandle$Holder.invokeSpecial(java.lang.Object, java.lang.Object, java.lang.Object, java.lang.Object, java.lang.Object, java.lang.Object, java.lang.Object, java.lang.Object, java.lang.Object)'> (0x00000000ff100e50) 
thrown [s\src\hotspot\share\interpreter\linkResolver.cpp, line 759]
Event: 1.141 Thread 0x0000023536b70200 Exception <a 'java/lang/NoSuchMethodError'{0x00000000ff105d80}: 'java.lang.Object java.lang.invoke.Invokers$Holder.linkToTargetMethod(java.lang.Object, java.lang.Object, java.lang.Object, java.lang.Object, java.lang.Object, java.lang.Object, java.lang.Object, java.lang.Object)'> (0x00000000ff105d80) 
thrown [s\src\hotspot\share\interpreter\linkResolver.cpp, line 759]
Event: 1.215 Thread 0x0000023536b70200 Exception <a 'java/lang/NoSuchMethodError'{0x00000000fee638e8}: 'java.lang.Object java.lang.invoke.DirectMethodHandle$Holder.invokeStaticInit(java.lang.Object, int, int, int, int)'> (0x00000000fee638e8) 
thrown [s\src\hotspot\share\interpreter\linkResolver.cpp, line 759]
Event: 1.311 Thread 0x0000023536b70200 Exception <a 'java/lang/NoSuchMethodError'{0x00000000fee8b980}: 'java.lang.Object java.lang.invoke.DirectMethodHandle$Holder.invokeStaticInit(java.lang.Object, java.lang.Object, int, int, int, int)'> (0x00000000fee8b980) 
thrown [s\src\hotspot\share\interpreter\linkResolver.cpp, line 759]
Event: 1.356 Thread 0x0000023536b70200 Implicit null exception at 0x00000235461d42f2 to 0x00000235461d490c
Event: 1.358 Thread 0x0000023536b70200 Implicit null exception at 0x00000235461eeef2 to 0x00000235461ef50c
Event: 1.587 Thread 0x00000235976fa040 Exception <a 'java/lang/NoSuchMethodError'{0x00000000feafd7c0}: 'void java.lang.invoke.DirectMethodHandle$Holder.invokeStatic(java.lang.Object, long)'> (0x00000000feafd7c0) 
thrown [s\src\hotspot\share\interpreter\linkResolver.cpp, line 759]
Event: 1.587 Thread 0x00000235976fa040 Exception <a 'java/lang/NoSuchMethodError'{0x00000000fe903348}: 'java.lang.Object java.lang.invoke.DirectMethodHandle$Holder.newInvokeSpecial(java.lang.Object, long)'> (0x00000000fe903348) 
thrown [s\src\hotspot\share\interpreter\linkResolver.cpp, line 759]
Event: 1.594 Thread 0x00000235976fa040 Exception <a 'java/lang/NoSuchMethodError'{0x00000000fe90a5b0}: 'java.lang.Object java.lang.invoke.DirectMethodHandle$Holder.invokeStatic(java.lang.Object, java.lang.Object, long, java.lang.Object)'> (0x00000000fe90a5b0) 
thrown [s\src\hotspot\share\interpreter\linkResolver.cpp, line 759]
Event: 1.595 Thread 0x00000235976fa040 Exception <a 'java/lang/NoSuchMethodError'{0x00000000fe90dd88}: 'java.lang.Object java.lang.invoke.DirectMethodHandle$Holder.invokeStaticInit(java.lang.Object, java.lang.Object, long, java.lang.Object)'> (0x00000000fe90dd88) 
thrown [s\src\hotspot\share\interpreter\linkResolver.cpp, line 759]
Event: 1.596 Thread 0x00000235976fa040 Exception <a 'java/lang/NoSuchMethodError'{0x00000000fe914420}: 'java.lang.Object java.lang.invoke.DirectMethodHandle$Holder.newInvokeSpecial(java.lang.Object, java.lang.Object, long)'> (0x00000000fe914420) 
thrown [s\src\hotspot\share\interpreter\linkResolver.cpp, line 759]
Event: 1.596 Thread 0x00000235976fa040 Exception <a 'java/lang/NoSuchMethodError'{0x00000000fe918710}: 'java.lang.Object java.lang.invoke.Invokers$Holder.linkToTargetMethod(java.lang.Object, long, java.lang.Object)'> (0x00000000fe918710) 
thrown [s\src\hotspot\share\interpreter\linkResolver.cpp, line 759]
Event: 12.163 Thread 0x0000023536b70200 Exception <a 'sun/net/ConnectionResetException'{0x00000000ffe41970}: Connection reset> (0x00000000ffe41970) 
thrown [s\src\hotspot\share\prims\jni.cpp, line 535]

VM Operations (20 events):
Event: 1.614 Executing VM operation: Cleanup
Event: 1.614 Executing VM operation: Cleanup done
Event: 2.619 Executing VM operation: Cleanup
Event: 2.620 Executing VM operation: Cleanup done
Event: 5.412 Executing VM operation: HandshakeAllThreads
Event: 5.412 Executing VM operation: HandshakeAllThreads done
Event: 5.412 Executing VM operation: Cleanup
Event: 5.412 Executing VM operation: Cleanup done
Event: 5.416 Executing VM operation: G1CollectForAllocation
Event: 5.426 Executing VM operation: G1CollectForAllocation done
Event: 5.730 Executing VM operation: HandshakeAllThreads
Event: 5.730 Executing VM operation: HandshakeAllThreads done
Event: 6.739 Executing VM operation: Cleanup
Event: 6.739 Executing VM operation: Cleanup done
Event: 7.746 Executing VM operation: Cleanup
Event: 7.747 Executing VM operation: Cleanup done
Event: 9.769 Executing VM operation: Cleanup
Event: 9.769 Executing VM operation: Cleanup done
Event: 11.781 Executing VM operation: Cleanup
Event: 11.781 Executing VM operation: Cleanup done

Events (20 events):
Event: 5.588 loading class sun/nio/ch/SinkChannelImpl
Event: 5.588 loading class java/nio/channels/Pipe$SinkChannel
Event: 5.588 loading class java/nio/channels/Pipe$SinkChannel done
Event: 5.588 loading class sun/nio/ch/SinkChannelImpl done
Event: 5.604 loading class sun/nio/ch/SelectionKeyImpl
Event: 5.604 loading class java/nio/channels/spi/AbstractSelectionKey
Event: 5.608 loading class java/nio/channels/SelectionKey
Event: 5.608 loading class java/nio/channels/SelectionKey done
Event: 5.608 loading class java/nio/channels/spi/AbstractSelectionKey done
Event: 5.608 loading class sun/nio/ch/SelectionKeyImpl done
Event: 5.608 loading class java/lang/invoke/ConstantBootstraps
Event: 5.609 loading class java/lang/invoke/ConstantBootstraps done
Event: 5.631 loading class java/nio/channels/spi/AbstractSelector$1
Event: 5.631 loading class java/nio/channels/spi/AbstractSelector$1 done
Event: 5.729 loading class java/util/concurrent/Executors$FinalizableDelegatedExecutorService
Event: 5.729 loading class java/util/concurrent/Executors$FinalizableDelegatedExecutorService done
Event: 12.162 loading class sun/net/ConnectionResetException
Event: 12.163 loading class sun/net/ConnectionResetException done
Event: 12.165 loading class java/nio/file/FileChannelLinesSpliterator
Event: 12.166 loading class java/nio/file/FileChannelLinesSpliterator done


Dynamic libraries:
0x00007ff645670000 - 0x00007ff64567e000 	C:\Program Files\Microsoft\jdk-17.0.8.7-hotspot\bin\java.exe
0x00007ffb70810000 - 0x00007ffb70a27000 	C:\WINDOWS\SYSTEM32\ntdll.dll
0x00007ffb6f250000 - 0x00007ffb6f314000 	C:\WINDOWS\System32\KERNEL32.DLL
0x00007ffb6dae0000 - 0x00007ffb6de9a000 	C:\WINDOWS\System32\KERNELBASE.dll
0x00007ffb6e080000 - 0x00007ffb6e191000 	C:\WINDOWS\System32\ucrtbase.dll
0x00007ffb40170000 - 0x00007ffb4018b000 	C:\Program Files\Microsoft\jdk-17.0.8.7-hotspot\bin\VCRUNTIME140.dll
0x00007ffb3f4f0000 - 0x00007ffb3f507000 	C:\Program Files\Microsoft\jdk-17.0.8.7-hotspot\bin\jli.dll
0x00007ffb6e510000 - 0x00007ffb6e6be000 	C:\WINDOWS\System32\USER32.dll
0x00007ffb6e1a0000 - 0x00007ffb6e1c6000 	C:\WINDOWS\System32\win32u.dll
0x00007ffb6f6a0000 - 0x00007ffb6f6c9000 	C:\WINDOWS\System32\GDI32.dll
0x00007ffb58900000 - 0x00007ffb58b92000 	C:\WINDOWS\WinSxS\amd64_microsoft.windows.common-controls_6595b64144ccf1df_6.0.22621.4541_none_2710d1c57384c085\COMCTL32.dll
0x00007ffb6df60000 - 0x00007ffb6e07b000 	C:\WINDOWS\System32\gdi32full.dll
0x00007ffb6f7c0000 - 0x00007ffb6f867000 	C:\WINDOWS\System32\msvcrt.dll
0x00007ffb6e1d0000 - 0x00007ffb6e26a000 	C:\WINDOWS\System32\msvcp_win.dll
0x00007ffb705b0000 - 0x00007ffb705e1000 	C:\WINDOWS\System32\IMM32.DLL
0x00000000698e0000 - 0x00000000698ed000 	C:\Program Files (x86)\360\Total Security\safemon\SafeWrapper.dll
0x00007ffb6f890000 - 0x00007ffb6f942000 	C:\WINDOWS\System32\ADVAPI32.dll
0x00007ffb6fad0000 - 0x00007ffb6fb77000 	C:\WINDOWS\System32\sechost.dll
0x00007ffb6e2f0000 - 0x00007ffb6e318000 	C:\WINDOWS\System32\bcrypt.dll
0x00007ffb6f580000 - 0x00007ffb6f694000 	C:\WINDOWS\System32\RPCRT4.dll
0x00007ffb665e0000 - 0x00007ffb666e5000 	C:\Program Files (x86)\360\Total Security\safemon\libzdtp64.dll
0x00007ffb6fb80000 - 0x00007ffb703f8000 	C:\WINDOWS\System32\SHELL32.dll
0x00007ffb6ea60000 - 0x00007ffb6eabe000 	C:\WINDOWS\System32\SHLWAPI.dll
0x00007ffb6d650000 - 0x00007ffb6d65a000 	C:\WINDOWS\SYSTEM32\VERSION.dll
0x00007ffb40160000 - 0x00007ffb4016c000 	C:\Program Files\Microsoft\jdk-17.0.8.7-hotspot\bin\vcruntime140_1.dll
0x00007ffb31960000 - 0x00007ffb319ed000 	C:\Program Files\Microsoft\jdk-17.0.8.7-hotspot\bin\msvcp140.dll
0x00007ffab56b0000 - 0x00007ffab6315000 	C:\Program Files\Microsoft\jdk-17.0.8.7-hotspot\bin\server\jvm.dll
0x00007ffb6d7b0000 - 0x00007ffb6d7fd000 	C:\WINDOWS\SYSTEM32\POWRPROF.dll
0x00007ffb3de00000 - 0x00007ffb3de09000 	C:\WINDOWS\SYSTEM32\WSOCK32.dll
0x00007ffb58820000 - 0x00007ffb58854000 	C:\WINDOWS\SYSTEM32\WINMM.dll
0x00007ffb6f6d0000 - 0x00007ffb6f741000 	C:\WINDOWS\System32\WS2_32.dll
0x00007ffb6d790000 - 0x00007ffb6d7a3000 	C:\WINDOWS\SYSTEM32\UMPDC.dll
0x00007ffb6ca70000 - 0x00007ffb6ca88000 	C:\WINDOWS\SYSTEM32\kernel.appcore.dll
0x00007ffb3c0c0000 - 0x00007ffb3c0ca000 	C:\Program Files\Microsoft\jdk-17.0.8.7-hotspot\bin\jimage.dll
0x00007ffb58cb0000 - 0x00007ffb58ee2000 	C:\WINDOWS\SYSTEM32\DBGHELP.DLL
0x00007ffb6e6d0000 - 0x00007ffb6ea5f000 	C:\WINDOWS\System32\combase.dll
0x00007ffb6efb0000 - 0x00007ffb6f087000 	C:\WINDOWS\System32\OLEAUT32.dll
0x00007ffb4bf50000 - 0x00007ffb4bf82000 	C:\WINDOWS\SYSTEM32\dbgcore.DLL
0x00007ffb6e320000 - 0x00007ffb6e39b000 	C:\WINDOWS\System32\bcryptPrimitives.dll
0x00007ffb3b260000 - 0x00007ffb3b285000 	C:\Program Files\Microsoft\jdk-17.0.8.7-hotspot\bin\java.dll
0x00007ffb130d0000 - 0x00007ffb131a7000 	C:\Program Files\Microsoft\jdk-17.0.8.7-hotspot\bin\jsvml.dll
0x00007ffb6b960000 - 0x00007ffb6c268000 	C:\WINDOWS\SYSTEM32\windows.storage.dll
0x00007ffb6b820000 - 0x00007ffb6b95f000 	C:\WINDOWS\SYSTEM32\wintypes.dll
0x00007ffb6f3f0000 - 0x00007ffb6f4ea000 	C:\WINDOWS\System32\SHCORE.dll
0x00007ffb6da10000 - 0x00007ffb6da3b000 	C:\WINDOWS\SYSTEM32\profapi.dll
0x00007ffb3c0a0000 - 0x00007ffb3c0b9000 	C:\Program Files\Microsoft\jdk-17.0.8.7-hotspot\bin\net.dll
0x00007ffb699a0000 - 0x00007ffb69ad6000 	C:\WINDOWS\SYSTEM32\WINHTTP.dll
0x00007ffb6cee0000 - 0x00007ffb6cf49000 	C:\WINDOWS\system32\mswsock.dll
0x00007ffb3b720000 - 0x00007ffb3b736000 	C:\Program Files\Microsoft\jdk-17.0.8.7-hotspot\bin\nio.dll
0x00007ffb38f80000 - 0x00007ffb38f98000 	C:\Program Files\Microsoft\jdk-17.0.8.7-hotspot\bin\zip.dll
0x00007ffb3aeb0000 - 0x00007ffb3aeb9000 	C:\Program Files\Microsoft\jdk-17.0.8.7-hotspot\bin\management.dll
0x00007ffb38f70000 - 0x00007ffb38f7b000 	C:\Program Files\Microsoft\jdk-17.0.8.7-hotspot\bin\management_ext.dll
0x00007ffb705f0000 - 0x00007ffb705f8000 	C:\WINDOWS\System32\PSAPI.DLL
0x00007ffb21790000 - 0x00007ffb217b7000 	C:\Users\User\.gradle\native\660c5614fbf4a5f2a75b1949f50a0caf5cd603558e7d8a26e50b933a0cfb79d1\windows-amd64\native-platform.dll
0x00007ffb5afa0000 - 0x00007ffb5afc4000 	C:\Users\User\.gradle\native\jansi\2.4.2\Windows\x86_64\jansi.dll
0x00007ffb6c4d0000 - 0x00007ffb6c4fd000 	C:\WINDOWS\SYSTEM32\IPHLPAPI.DLL
0x00007ffb6f950000 - 0x00007ffb6f959000 	C:\WINDOWS\System32\NSI.dll
0x00007ffb698c0000 - 0x00007ffb698d9000 	C:\WINDOWS\SYSTEM32\dhcpcsvc6.DLL
0x00007ffb69800000 - 0x00007ffb6981f000 	C:\WINDOWS\SYSTEM32\dhcpcsvc.DLL
0x00007ffb6c540000 - 0x00007ffb6c642000 	C:\WINDOWS\SYSTEM32\DNSAPI.dll
0x00007ffb6d230000 - 0x00007ffb6d24b000 	C:\WINDOWS\SYSTEM32\CRYPTSP.dll
0x00007ffb6c9d0000 - 0x00007ffb6ca05000 	C:\WINDOWS\system32\rsaenh.dll
0x00007ffb6cf80000 - 0x00007ffb6cfa8000 	C:\WINDOWS\SYSTEM32\USERENV.dll
0x00007ffb6d210000 - 0x00007ffb6d21c000 	C:\WINDOWS\SYSTEM32\CRYPTBASE.dll
0x00007ffb386b0000 - 0x00007ffb386c0000 	C:\Program Files\Microsoft\jdk-17.0.8.7-hotspot\bin\verify.dll
0x00007ffb2fb80000 - 0x00007ffb2fb8e000 	C:\Program Files\Microsoft\jdk-17.0.8.7-hotspot\bin\sunmscapi.dll
0x00007ffb6e3a0000 - 0x00007ffb6e506000 	C:\WINDOWS\System32\CRYPT32.dll
0x00007ffb6d340000 - 0x00007ffb6d36d000 	C:\WINDOWS\SYSTEM32\ncrypt.dll
0x00007ffb6d300000 - 0x00007ffb6d337000 	C:\WINDOWS\SYSTEM32\NTASN1.dll
0x00007ffb225d0000 - 0x00007ffb225d8000 	C:\WINDOWS\system32\wshunix.dll

dbghelp: loaded successfully - version: 4.0.5 - missing functions: none
symbol engine: initialized successfully - sym options: 0x614 - pdb path: .;C:\Program Files\Microsoft\jdk-17.0.8.7-hotspot\bin;C:\WINDOWS\SYSTEM32;C:\WINDOWS\WinSxS\amd64_microsoft.windows.common-controls_6595b64144ccf1df_6.0.22621.4541_none_2710d1c57384c085;C:\Program Files (x86)\360\Total Security\safemon;C:\Program Files\Microsoft\jdk-17.0.8.7-hotspot\bin\server;C:\Users\User\.gradle\native\660c5614fbf4a5f2a75b1949f50a0caf5cd603558e7d8a26e50b933a0cfb79d1\windows-amd64;C:\Users\User\.gradle\native\jansi\2.4.2\Windows\x86_64

VM Arguments:
jvm_args: -Xmx64m -Xms64m -Dorg.gradle.appname=gradlew 
java_command: D:\careveta\Nirapod\android\\gradle\wrapper\gradle-wrapper.jar app:installDebug -PreactNativeDevServerPort=8081
java_class_path (initial): D:\careveta\Nirapod\android\\gradle\wrapper\gradle-wrapper.jar
Launcher Type: SUN_STANDARD

[Global flags]
     intx CICompilerCount                          = 4                                         {product} {ergonomic}
     uint ConcGCThreads                            = 3                                         {product} {ergonomic}
     uint G1ConcRefinementThreads                  = 10                                        {product} {ergonomic}
   size_t G1HeapRegionSize                         = 1048576                                   {product} {ergonomic}
    uintx GCDrainStackTargetSize                   = 64                                        {product} {ergonomic}
   size_t InitialHeapSize                          = 67108864                                  {product} {command line}
   size_t MarkStackSize                            = 4194304                                   {product} {ergonomic}
   size_t MaxHeapSize                              = 67108864                                  {product} {command line}
   size_t MaxNewSize                               = 39845888                                  {product} {ergonomic}
   size_t MinHeapDeltaBytes                        = 1048576                                   {product} {ergonomic}
   size_t MinHeapSize                              = 67108864                                  {product} {command line}
    uintx NonNMethodCodeHeapSize                   = 5839372                                {pd product} {ergonomic}
    uintx NonProfiledCodeHeapSize                  = 122909434                              {pd product} {ergonomic}
    uintx ProfiledCodeHeapSize                     = 122909434                              {pd product} {ergonomic}
    uintx ReservedCodeCacheSize                    = 251658240                              {pd product} {ergonomic}
     bool SegmentedCodeCache                       = true                                      {product} {ergonomic}
   size_t SoftMaxHeapSize                          = 67108864                               {manageable} {ergonomic}
     bool UseCompressedClassPointers               = true                           {product lp64_product} {ergonomic}
     bool UseCompressedOops                        = true                           {product lp64_product} {ergonomic}
     bool UseG1GC                                  = true                                      {product} {ergonomic}
     bool UseLargePagesIndividualAllocation        = false                                  {pd product} {ergonomic}

Logging:
Log output configuration:
 #0: stdout all=warning uptime,level,tags
 #1: stderr all=off uptime,level,tags

Environment Variables:
JAVA_HOME=C:\Program Files\Microsoft\jdk-17.0.8.7-hotspot\
PATH=D:\careveta\Nirapod\node_modules\.bin;D:\careveta\Nirapod\node_modules\.bin;D:\careveta\node_modules\.bin;D:\node_modules\.bin;C:\Users\User\AppData\Roaming\npm\node_modules\npm\node_modules\@npmcli\run-script\lib\node-gyp-bin;C:\Program Files\Microsoft\jdk-17.0.8.7-hotspot\bin;C:\Program Files\Microsoft\jdk-11.0.18.10-hotspot\bin;C:\Program Files\Common Files\Oracle\Java\javapath;C:\WINDOWS\system32;C:\WINDOWS;C:\WINDOWS\System32\Wbem;C:\WINDOWS\System32\WindowsPowerShell\v1.0\;C:\WINDOWS\System32\OpenSSH\;C:\Program Files\MongoDB\Server\6.0\bin;C:\ProgramData\chocolatey\bin;C:\xampp\php;C:\xampp\php;C:\Program Files\nodejs\;C:\Users\User\AppData\Local\Android\Sdk\platform-tools;C:\Users\User\AppData\Local\Android\Sdk\emulator;C:\Program Files\Git\cmd;C:\Users\User\AppData\Local\Android\Sdk\platform-tools;C:\Users\User\AppData\Local\Android\Sdk\tools;C:\Users\User\AppData\Local\Android\Sdk\platform-tools;C:\Users\User\AppData\Local\Android\Sdk\tools;C:\Users\User\AppData\Local\Android\Sdk\platform-tools;C:\Users\User\AppData\Local\Android\Sdk\tools;c:\Users\User\AppData\Local\Programs\Trae\bin;C:\Users\User\AppData\Local\Microsoft\WindowsApps;C:\Users\User\AppData\Local\Programs\Microsoft VS Code\bin;C:\Program Files\MongoDB\Server\6.0\bin;C:\Program Files\MongoDB\Server\5.0\bin;C:\xampp\php;C:\flutter\src\flutter\bin;C:\Users\User\AppData\Roaming\npm;C:\Users\User\AppData\Local\Programs\cursor\resources\app\bin;C:\Users\User\AppData\Local\Programs\Antigravity\bin;C:\Users\User\AppData\Local\Programs\Windsurf\bin;C:\Users\User\AppData\Local\Programs\Antigravity IDE\bin;C:\Users\User\AppData\Local\Programs\Devin\bin
USERNAME=User
OS=Windows_NT
PROCESSOR_IDENTIFIER=Intel64 Family 6 Model 165 Stepping 3, GenuineIntel
TMP=C:\Users\User\AppData\Local\Temp
TEMP=C:\Users\User\AppData\Local\Temp



---------------  S Y S T E M  ---------------

OS:
 Windows 11 , 64 bit Build 22621 (10.0.22621.4391)
OS uptime: 0 days 2:59 hours
Hyper-V role detected

CPU: total 12 (initial active 12) (6 cores per cpu, 2 threads per core) family 6 model 165 stepping 3 microcode 0xea, cx8, cmov, fxsr, ht, mmx, 3dnowpref, sse, sse2, sse3, ssse3, sse4.1, sse4.2, popcnt, lzcnt, tsc, tscinvbit, avx, avx2, aes, erms, clmul, bmi1, bmi2, adx, fma, vzeroupper, clflush, clflushopt, hv
Processor Information for all 12 processors :
  Max Mhz: 2904, Current Mhz: 2904, Mhz Limit: 2904

Memory: 4k page, system-wide physical 8021M (541M free)
TotalPageFile size 19544M (AvailPageFile size 341M)
current process WorkingSet (physical memory assigned to process): 100M, peak: 104M
current process commit charge ("private bytes"): 172M, peak: 177M

vm_info: OpenJDK 64-Bit Server VM (17.0.8+7-LTS) for windows-amd64 JRE (17.0.8+7-LTS), built on Jul  7 2023 17:21:55 by "MicrosoftCorporation" with MS VC++ 16.10 / 16.11 (VS2019)

END.
