#
# There is insufficient memory for the Java Runtime Environment to continue.
# Native memory allocation (malloc) failed to allocate 870976 bytes for Chunk::new
# Possible reasons:
#   The system is out of physical RAM or swap space
#   The process is running with CompressedOops enabled, and the Java Heap may be blocking the growth of the native heap
# Possible solutions:
#   Reduce memory load on the system
#   Increase physical memory or swap space
#   Check if swap backing store is full
#   Decrease Java heap size (-Xmx/-Xms)
#   Decrease number of Java threads
#   Decrease Java thread stack sizes (-Xss)
#   Set larger code cache with -XX:ReservedCodeCacheSize=
#   JVM is running with Unscaled Compressed Oops mode in which the Java heap is
#     placed in the first 4GB address space. The Java Heap base address is the
#     maximum limit for the native heap growth. Please use -XX:HeapBaseMinAddress
#     to set the Java Heap base and to place the Java Heap above 4GB virtual address.
# This output file may be truncated or incomplete.
#
#  Out of Memory Error (arena.cpp:189), pid=15176, tid=2252
#
# JRE version: OpenJDK Runtime Environment Microsoft-8035246 (17.0.8+7) (build 17.0.8+7-LTS)
# Java VM: OpenJDK 64-Bit Server VM Microsoft-8035246 (17.0.8+7-LTS, mixed mode, sharing, tiered, compressed oops, compressed class ptrs, g1 gc, windows-amd64)
# No core dump will be written. Minidumps are not enabled by default on client versions of Windows
#

---------------  S U M M A R Y ------------

Command Line: --add-opens=java.base/java.lang=ALL-UNNAMED --add-opens=java.base/java.lang.invoke=ALL-UNNAMED --add-opens=java.base/java.util=ALL-UNNAMED --add-opens=java.prefs/java.util.prefs=ALL-UNNAMED --add-exports=jdk.compiler/com.sun.tools.javac.api=ALL-UNNAMED --add-exports=jdk.compiler/com.sun.tools.javac.util=ALL-UNNAMED --add-opens=java.base/java.util=ALL-UNNAMED --add-opens=java.prefs/java.util.prefs=ALL-UNNAMED --add-opens=java.base/java.nio.charset=ALL-UNNAMED --add-opens=java.base/java.net=ALL-UNNAMED --add-opens=java.base/java.util.concurrent=ALL-UNNAMED --add-opens=java.base/java.util.concurrent.atomic=ALL-UNNAMED --add-opens=java.xml/javax.xml.namespace=ALL-UNNAMED --add-opens=java.base/java.time=ALL-UNNAMED -XX:MaxMetaspaceSize=512m -Xmx2048m -Dfile.encoding=windows-1252 -Duser.country=US -Duser.language=en -Duser.variant -javaagent:C:\Users\User\.gradle\wrapper\dists\gradle-9.4.1-bin\arn2x92ynaizyzdaamcbpbhtj\gradle-9.4.1\lib\agents\gradle-instrumentation-agent-9.4.1.jar org.gradle.launcher.daemon.bootstrap.GradleDaemon 9.4.1

Host: Intel(R) Core(TM) i5-10400 CPU @ 2.90GHz, 12 cores, 7G,  Windows 11 , 64 bit Build 22621 (10.0.22621.4391)
Time: Tue Sep 15 00:44:29 2026 Bangladesh Standard Time elapsed time: 9.635985 seconds (0d 0h 0m 9s)

---------------  T H R E A D  ---------------

Current thread (0x00000263267fd250):  JavaThread "C2 CompilerThread0" daemon [_thread_in_native, id=2252, stack(0x000000ecfcc00000,0x000000ecfcd00000)]


Current CompileTask:
C2:   9636 3166       4       org.objectweb.asm.Frame::execute (2303 bytes)

Stack: [0x000000ecfcc00000,0x000000ecfcd00000]
Native frames: (J=compiled Java code, j=interpreted, Vv=VM code, C=native code)
V  [jvm.dll+0x67bf3a]
V  [jvm.dll+0x83a024]
V  [jvm.dll+0x83b7ce]
V  [jvm.dll+0x83be33]
V  [jvm.dll+0x24785f]
V  [jvm.dll+0xac3bc]
V  [jvm.dll+0xac98c]
V  [jvm.dll+0x2af19f]
V  [jvm.dll+0x584667]
V  [jvm.dll+0x222a82]
V  [jvm.dll+0x222e5f]
V  [jvm.dll+0x21bf4f]
V  [jvm.dll+0x21944b]
V  [jvm.dll+0x1a56b6]
V  [jvm.dll+0x2291ea]
V  [jvm.dll+0x22724c]
V  [jvm.dll+0x7efd0c]
V  [jvm.dll+0x7ea13a]
V  [jvm.dll+0x67ad85]
C  [ucrtbase.dll+0x29333]
C  [KERNEL32.DLL+0x1259d]
C  [ntdll.dll+0x5af38]


---------------  P R O C E S S  ---------------

Threads class SMR info:
_java_thread_list=0x0000026349148b80, length=33, elements={
0x0000026308295db0, 0x00000263267e4410, 0x00000263267e5fe0, 0x00000263267f8560,
0x00000263267f9120, 0x00000263267fbaf0, 0x00000263267fc4b0, 0x00000263267fd250,
0x0000026326801d20, 0x0000026326803ea0, 0x00000263460df9c0, 0x0000026346264870,
0x0000026347f8a580, 0x0000026347df6040, 0x0000026347353e00, 0x0000026348244b40,
0x00000263482589b0, 0x000002634825a300, 0x000002634825b740, 0x000002634825b230,
0x000002634825ad20, 0x0000026348257f90, 0x00000263482584a0, 0x00000263482593d0,
0x00000263482598e0, 0x0000026348259df0, 0x000002634825a810, 0x00000263488d88b0,
0x00000263488d83a0, 0x00000263488d41d0, 0x00000263488d5610, 0x00000263488d7e90,
0x00000263488d5100
}

Java Threads: ( => current thread )
  0x0000026308295db0 JavaThread "main" [_thread_blocked, id=12748, stack(0x000000ecfbf00000,0x000000ecfc000000)]
  0x00000263267e4410 JavaThread "Reference Handler" daemon [_thread_blocked, id=17872, stack(0x000000ecfc600000,0x000000ecfc700000)]
  0x00000263267e5fe0 JavaThread "Finalizer" daemon [_thread_blocked, id=21776, stack(0x000000ecfc700000,0x000000ecfc800000)]
  0x00000263267f8560 JavaThread "Signal Dispatcher" daemon [_thread_blocked, id=16828, stack(0x000000ecfc800000,0x000000ecfc900000)]
  0x00000263267f9120 JavaThread "Attach Listener" daemon [_thread_blocked, id=14096, stack(0x000000ecfc900000,0x000000ecfca00000)]
  0x00000263267fbaf0 JavaThread "Service Thread" daemon [_thread_blocked, id=22900, stack(0x000000ecfca00000,0x000000ecfcb00000)]
  0x00000263267fc4b0 JavaThread "Monitor Deflation Thread" daemon [_thread_blocked, id=25780, stack(0x000000ecfcb00000,0x000000ecfcc00000)]
=>0x00000263267fd250 JavaThread "C2 CompilerThread0" daemon [_thread_in_native, id=2252, stack(0x000000ecfcc00000,0x000000ecfcd00000)]
  0x0000026326801d20 JavaThread "C1 CompilerThread0" daemon [_thread_blocked, id=18716, stack(0x000000ecfcd00000,0x000000ecfce00000)]
  0x0000026326803ea0 JavaThread "Sweeper thread" daemon [_thread_blocked, id=22568, stack(0x000000ecfce00000,0x000000ecfcf00000)]
  0x00000263460df9c0 JavaThread "Common-Cleaner" daemon [_thread_blocked, id=11140, stack(0x000000ecfcf00000,0x000000ecfd000000)]
  0x0000026346264870 JavaThread "Notification Thread" daemon [_thread_blocked, id=6212, stack(0x000000ecfd000000,0x000000ecfd100000)]
  0x0000026347f8a580 JavaThread "Daemon health stats" [_thread_blocked, id=11576, stack(0x000000ecfd600000,0x000000ecfd700000)]
  0x0000026347df6040 JavaThread "Incoming local TCP Connector on port 10755" [_thread_in_native, id=13188, stack(0x000000ecfd700000,0x000000ecfd800000)]
  0x0000026347353e00 JavaThread "Daemon periodic checks" [_thread_blocked, id=17540, stack(0x000000ecfd800000,0x000000ecfd900000)]
  0x0000026348244b40 JavaThread "Daemon" [_thread_blocked, id=25720, stack(0x000000ecfd900000,0x000000ecfda00000)]
  0x00000263482589b0 JavaThread "Handler for socket connection from /127.0.0.1:10755 to /127.0.0.1:10756" [_thread_in_native, id=22520, stack(0x000000ecfda00000,0x000000ecfdb00000)]
  0x000002634825a300 JavaThread "Cancel handler" [_thread_blocked, id=12672, stack(0x000000ecfdb00000,0x000000ecfdc00000)]
  0x000002634825b740 JavaThread "Daemon worker" [_thread_in_native, id=2108, stack(0x000000ecfdc00000,0x000000ecfdd00000)]
  0x000002634825b230 JavaThread "Asynchronous log dispatcher for DefaultDaemonConnection: socket connection from /127.0.0.1:10755 to /127.0.0.1:10756" [_thread_blocked, id=25712, stack(0x000000ecfdd00000,0x000000ecfde00000)]
  0x000002634825ad20 JavaThread "Stdin handler" [_thread_blocked, id=13864, stack(0x000000ecfde00000,0x000000ecfdf00000)]
  0x0000026348257f90 JavaThread "Daemon client event forwarder" [_thread_blocked, id=26276, stack(0x000000ecfdf00000,0x000000ecfe000000)]
  0x00000263482584a0 JavaThread "Cache worker for journal cache (C:\Users\User\.gradle\caches\journal-1)" [_thread_blocked, id=14132, stack(0x000000ecfe000000,0x000000ecfe100000)]
  0x00000263482593d0 JavaThread "File lock request listener" [_thread_in_native, id=25648, stack(0x000000ecfe100000,0x000000ecfe200000)]
  0x00000263482598e0 JavaThread "Cache worker for file hash cache (C:\Users\User\.gradle\caches\9.4.1\fileHashes)" [_thread_blocked, id=25640, stack(0x000000ecfe700000,0x000000ecfe800000)]
  0x0000026348259df0 JavaThread "Cache worker for file hash cache (D:\careveta\Nirapod\android\.gradle\9.4.1\fileHashes)" [_thread_blocked, id=25104, stack(0x000000ecfea00000,0x000000ecfeb00000)]
  0x000002634825a810 JavaThread "Cache worker for Build Output Cleanup Cache (D:\careveta\Nirapod\android\.gradle\buildOutputCleanup)" [_thread_blocked, id=13096, stack(0x000000ecfeb00000,0x000000ecfec00000)]
  0x00000263488d88b0 JavaThread "File watcher server" daemon [_thread_in_native, id=19636, stack(0x000000ecfec00000,0x000000ecfed00000)]
  0x00000263488d83a0 JavaThread "File watcher consumer" daemon [_thread_blocked, id=12212, stack(0x000000ecfed00000,0x000000ecfee00000)]
  0x00000263488d41d0 JavaThread "Cache worker for file content cache (C:\Users\User\.gradle\caches\9.4.1\fileContent)" [_thread_blocked, id=18288, stack(0x000000ecfee00000,0x000000ecfef00000)]
  0x00000263488d5610 JavaThread "Cache worker for checksums cache (D:\careveta\Nirapod\android\.gradle\9.4.1\checksums)" [_thread_blocked, id=9344, stack(0x000000ecfef00000,0x000000ecff000000)]
  0x00000263488d7e90 JavaThread "Cache worker for cache directory md-supplier (C:\Users\User\.gradle\caches\9.4.1\md-supplier)" [_thread_blocked, id=13260, stack(0x000000ecff000000,0x000000ecff100000)]
  0x00000263488d5100 JavaThread "Cache worker for cache directory md-rule (C:\Users\User\.gradle\caches\9.4.1\md-rule)" [_thread_blocked, id=24160, stack(0x000000ecff100000,0x000000ecff200000)]

Other Threads:
  0x00000263267db130 VMThread "VM Thread" [stack: 0x000000ecfc500000,0x000000ecfc600000] [id=26252]
  0x00000263461c6e80 WatcherThread [stack: 0x000000ecfd100000,0x000000ecfd200000] [id=10748]
  0x00000263082ef300 GCTaskThread "GC Thread#0" [stack: 0x000000ecfc000000,0x000000ecfc100000] [id=21820]
  0x0000026346ccad00 GCTaskThread "GC Thread#1" [stack: 0x000000ecfd200000,0x000000ecfd300000] [id=13084]
  0x0000026346cc7380 GCTaskThread "GC Thread#2" [stack: 0x000000ecfd300000,0x000000ecfd400000] [id=17096]
  0x0000026346cc4050 GCTaskThread "GC Thread#3" [stack: 0x000000ecfd400000,0x000000ecfd500000] [id=17904]
  0x00000263473a99d0 GCTaskThread "GC Thread#4" [stack: 0x000000ecfd500000,0x000000ecfd600000] [id=25704]
  0x00000263482d6430 GCTaskThread "GC Thread#5" [stack: 0x000000ecfe200000,0x000000ecfe300000] [id=12912]
  0x00000263483bede0 GCTaskThread "GC Thread#6" [stack: 0x000000ecfe300000,0x000000ecfe400000] [id=4172]
  0x00000263473bba80 GCTaskThread "GC Thread#7" [stack: 0x000000ecfe400000,0x000000ecfe500000] [id=20388]
  0x000002634843fdf0 GCTaskThread "GC Thread#8" [stack: 0x000000ecfe500000,0x000000ecfe600000] [id=20312]
  0x00000263484400b0 GCTaskThread "GC Thread#9" [stack: 0x000000ecfe600000,0x000000ecfe700000] [id=10596]
  0x0000026308301100 ConcurrentGCThread "G1 Main Marker" [stack: 0x000000ecfc100000,0x000000ecfc200000] [id=26168]
  0x00000263083019b0 ConcurrentGCThread "G1 Conc#0" [stack: 0x000000ecfc200000,0x000000ecfc300000] [id=26048]
  0x0000026349a77010 ConcurrentGCThread "G1 Conc#1" [stack: 0x000000ecfe800000,0x000000ecfe900000] [id=26488]
  0x0000026349a75750 ConcurrentGCThread "G1 Conc#2" [stack: 0x000000ecfe900000,0x000000ecfea00000] [id=26340]
  0x000002630831eca0 ConcurrentGCThread "G1 Refine#0" [stack: 0x000000ecfc300000,0x000000ecfc400000] [id=13660]
  0x0000026326692fe0 ConcurrentGCThread "G1 Service" [stack: 0x000000ecfc400000,0x000000ecfc500000] [id=22516]

Threads with active compile tasks:
C2 CompilerThread0    10236 3166       4       org.objectweb.asm.Frame::execute (2303 bytes)

VM state: not at safepoint (normal execution)

VM Mutex/Monitor currently owned by a thread: None

Heap address: 0x0000000080000000, size: 2048 MB, Compressed Oops mode: 32-bit

CDS archive(s) mapped at: [0x0000026327000000-0x0000026327bd0000-0x0000026327bd0000), size 12386304, SharedBaseAddress: 0x0000026327000000, ArchiveRelocationMode: 1.
Compressed class space mapped at: 0x0000026328000000-0x0000026342000000, reserved size: 436207616
Narrow klass base: 0x0000026327000000, Narrow klass shift: 0, Narrow klass range: 0x100000000

GC Precious Log:
 CPUs: 12 total, 12 available
 Memory: 8021M
 Large Page Support: Disabled
 NUMA Support: Disabled
 Compressed Oops: Enabled (32-bit)
 Heap Region Size: 1M
 Heap Min Capacity: 8M
 Heap Initial Capacity: 126M
 Heap Max Capacity: 2G
 Pre-touch: Disabled
 Parallel Workers: 10
 Concurrent Workers: 3
 Concurrent Refinement Workers: 10
 Periodic GC: Disabled

Heap:
 garbage-first heap   total 89088K, used 41565K [0x0000000080000000, 0x0000000100000000)
  region size 1024K, 21 young (21504K), 5 survivors (5120K)
 Metaspace       used 29740K, committed 30144K, reserved 491520K
  class space    used 4221K, committed 4416K, reserved 425984K

Heap Regions: E=young(eden), S=young(survivor), O=old, HS=humongous(starts), HC=humongous(continues), CS=collection set, F=free, OA=open archive, CA=closed archive, TAMS=top-at-mark-start (previous, next)
|   0|0x0000000080000000, 0x0000000080100000, 0x0000000080100000|100%|HS|  |TAMS 0x0000000080100000, 0x0000000080000000| Complete 
|   1|0x0000000080100000, 0x0000000080200000, 0x0000000080200000|100%|HC|  |TAMS 0x0000000080200000, 0x0000000080100000| Complete 
|   2|0x0000000080200000, 0x0000000080300000, 0x0000000080300000|100%|HC|  |TAMS 0x0000000080300000, 0x0000000080200000| Complete 
|   3|0x0000000080300000, 0x0000000080400000, 0x0000000080400000|100%|HC|  |TAMS 0x0000000080400000, 0x0000000080300000| Complete 
|   4|0x0000000080400000, 0x0000000080500000, 0x0000000080500000|100%| O|  |TAMS 0x0000000080500000, 0x0000000080400000| Untracked 
|   5|0x0000000080500000, 0x0000000080600000, 0x0000000080600000|100%| O|  |TAMS 0x0000000080600000, 0x0000000080500000| Untracked 
|   6|0x0000000080600000, 0x0000000080700000, 0x0000000080700000|100%| O|  |TAMS 0x0000000080700000, 0x0000000080600000| Untracked 
|   7|0x0000000080700000, 0x0000000080800000, 0x0000000080800000|100%| O|  |TAMS 0x0000000080800000, 0x0000000080700000| Untracked 
|   8|0x0000000080800000, 0x0000000080900000, 0x0000000080900000|100%|HS|  |TAMS 0x0000000080900000, 0x0000000080800000| Complete 
|   9|0x0000000080900000, 0x0000000080900000, 0x0000000080a00000|  0%| F|  |TAMS 0x0000000080900000, 0x0000000080900000| Untracked 
|  10|0x0000000080a00000, 0x0000000080b00000, 0x0000000080b00000|100%| O|  |TAMS 0x0000000080b00000, 0x0000000080a00000| Untracked 
|  11|0x0000000080b00000, 0x0000000080c00000, 0x0000000080c00000|100%| O|  |TAMS 0x0000000080c00000, 0x0000000080b00000| Untracked 
|  12|0x0000000080c00000, 0x0000000080d00000, 0x0000000080d00000|100%| O|  |TAMS 0x0000000080ced600, 0x0000000080c00000| Untracked 
|  13|0x0000000080d00000, 0x0000000080d00000, 0x0000000080e00000|  0%| F|  |TAMS 0x0000000080d00000, 0x0000000080d00000| Untracked 
|  14|0x0000000080e00000, 0x0000000080f00000, 0x0000000080f00000|100%| O|  |TAMS 0x0000000080e00000, 0x0000000080e00000| Untracked 
|  15|0x0000000080f00000, 0x0000000081000000, 0x0000000081000000|100%| O|  |TAMS 0x0000000080f00000, 0x0000000080f00000| Untracked 
|  16|0x0000000081000000, 0x0000000081100000, 0x0000000081100000|100%| O|  |TAMS 0x0000000081000000, 0x0000000081000000| Untracked 
|  17|0x0000000081100000, 0x0000000081200000, 0x0000000081200000|100%| O|  |TAMS 0x0000000081100000, 0x0000000081100000| Untracked 
|  18|0x0000000081200000, 0x0000000081300000, 0x0000000081300000|100%| O|  |TAMS 0x0000000081200000, 0x0000000081200000| Untracked 
|  19|0x0000000081300000, 0x0000000081400000, 0x0000000081400000|100%| O|  |TAMS 0x0000000081300000, 0x0000000081300000| Untracked 
|  20|0x0000000081400000, 0x0000000081500000, 0x0000000081500000|100%| O|  |TAMS 0x0000000081400000, 0x0000000081400000| Untracked 
|  21|0x0000000081500000, 0x0000000081600000, 0x0000000081600000|100%| O|  |TAMS 0x0000000081500000, 0x0000000081500000| Untracked 
|  22|0x0000000081600000, 0x00000000816c5600, 0x0000000081700000| 77%| O|  |TAMS 0x0000000081600000, 0x0000000081600000| Untracked 
|  23|0x0000000081700000, 0x0000000081700000, 0x0000000081800000|  0%| F|  |TAMS 0x0000000081700000, 0x0000000081700000| Untracked 
|  24|0x0000000081800000, 0x0000000081800000, 0x0000000081900000|  0%| F|  |TAMS 0x0000000081800000, 0x0000000081800000| Untracked 
|  25|0x0000000081900000, 0x0000000081900000, 0x0000000081a00000|  0%| F|  |TAMS 0x0000000081900000, 0x0000000081900000| Untracked 
|  26|0x0000000081a00000, 0x0000000081a00000, 0x0000000081b00000|  0%| F|  |TAMS 0x0000000081a00000, 0x0000000081a00000| Untracked 
|  27|0x0000000081b00000, 0x0000000081b00000, 0x0000000081c00000|  0%| F|  |TAMS 0x0000000081b00000, 0x0000000081b00000| Untracked 
|  28|0x0000000081c00000, 0x0000000081c00000, 0x0000000081d00000|  0%| F|  |TAMS 0x0000000081c00000, 0x0000000081c00000| Untracked 
|  29|0x0000000081d00000, 0x0000000081d00000, 0x0000000081e00000|  0%| F|  |TAMS 0x0000000081d00000, 0x0000000081d00000| Untracked 
|  30|0x0000000081e00000, 0x0000000081ed2150, 0x0000000081f00000| 82%| S|CS|TAMS 0x0000000081e00000, 0x0000000081e00000| Complete 
|  31|0x0000000081f00000, 0x0000000082000000, 0x0000000082000000|100%| S|CS|TAMS 0x0000000081f00000, 0x0000000081f00000| Complete 
|  32|0x0000000082000000, 0x0000000082100000, 0x0000000082100000|100%| S|CS|TAMS 0x0000000082000000, 0x0000000082000000| Complete 
|  33|0x0000000082100000, 0x0000000082200000, 0x0000000082200000|100%| S|CS|TAMS 0x0000000082100000, 0x0000000082100000| Complete 
|  34|0x0000000082200000, 0x0000000082300000, 0x0000000082300000|100%| S|CS|TAMS 0x0000000082200000, 0x0000000082200000| Complete 
|  35|0x0000000082300000, 0x0000000082300000, 0x0000000082400000|  0%| F|  |TAMS 0x0000000082300000, 0x0000000082300000| Untracked 
|  36|0x0000000082400000, 0x0000000082400000, 0x0000000082500000|  0%| F|  |TAMS 0x0000000082400000, 0x0000000082400000| Untracked 
|  37|0x0000000082500000, 0x0000000082500000, 0x0000000082600000|  0%| F|  |TAMS 0x0000000082500000, 0x0000000082500000| Untracked 
|  38|0x0000000082600000, 0x0000000082600000, 0x0000000082700000|  0%| F|  |TAMS 0x0000000082600000, 0x0000000082600000| Untracked 
|  39|0x0000000082700000, 0x0000000082700000, 0x0000000082800000|  0%| F|  |TAMS 0x0000000082700000, 0x0000000082700000| Untracked 
|  40|0x0000000082800000, 0x0000000082800000, 0x0000000082900000|  0%| F|  |TAMS 0x0000000082800000, 0x0000000082800000| Untracked 
|  41|0x0000000082900000, 0x0000000082900000, 0x0000000082a00000|  0%| F|  |TAMS 0x0000000082900000, 0x0000000082900000| Untracked 
|  42|0x0000000082a00000, 0x0000000082a00000, 0x0000000082b00000|  0%| F|  |TAMS 0x0000000082a00000, 0x0000000082a00000| Untracked 
|  43|0x0000000082b00000, 0x0000000082b00000, 0x0000000082c00000|  0%| F|  |TAMS 0x0000000082b00000, 0x0000000082b00000| Untracked 
|  44|0x0000000082c00000, 0x0000000082c00000, 0x0000000082d00000|  0%| F|  |TAMS 0x0000000082c00000, 0x0000000082c00000| Untracked 
|  45|0x0000000082d00000, 0x0000000082d00000, 0x0000000082e00000|  0%| F|  |TAMS 0x0000000082d00000, 0x0000000082d00000| Untracked 
|  46|0x0000000082e00000, 0x0000000082e00000, 0x0000000082f00000|  0%| F|  |TAMS 0x0000000082e00000, 0x0000000082e00000| Untracked 
|  47|0x0000000082f00000, 0x0000000082f00000, 0x0000000083000000|  0%| F|  |TAMS 0x0000000082f00000, 0x0000000082f00000| Untracked 
|  48|0x0000000083000000, 0x0000000083000000, 0x0000000083100000|  0%| F|  |TAMS 0x0000000083000000, 0x0000000083000000| Untracked 
|  49|0x0000000083100000, 0x0000000083100000, 0x0000000083200000|  0%| F|  |TAMS 0x0000000083100000, 0x0000000083100000| Untracked 
|  50|0x0000000083200000, 0x0000000083200000, 0x0000000083300000|  0%| F|  |TAMS 0x0000000083200000, 0x0000000083200000| Untracked 
|  51|0x0000000083300000, 0x0000000083300000, 0x0000000083400000|  0%| F|  |TAMS 0x0000000083300000, 0x0000000083300000| Untracked 
|  52|0x0000000083400000, 0x0000000083400000, 0x0000000083500000|  0%| F|  |TAMS 0x0000000083400000, 0x0000000083400000| Untracked 
|  53|0x0000000083500000, 0x0000000083500000, 0x0000000083600000|  0%| F|  |TAMS 0x0000000083500000, 0x0000000083500000| Untracked 
|  54|0x0000000083600000, 0x0000000083600000, 0x0000000083700000|  0%| F|  |TAMS 0x0000000083600000, 0x0000000083600000| Untracked 
|  55|0x0000000083700000, 0x0000000083700000, 0x0000000083800000|  0%| F|  |TAMS 0x0000000083700000, 0x0000000083700000| Untracked 
|  56|0x0000000083800000, 0x0000000083800000, 0x0000000083900000|  0%| F|  |TAMS 0x0000000083800000, 0x0000000083800000| Untracked 
|  57|0x0000000083900000, 0x0000000083900000, 0x0000000083a00000|  0%| F|  |TAMS 0x0000000083900000, 0x0000000083900000| Untracked 
|  58|0x0000000083a00000, 0x0000000083a00000, 0x0000000083b00000|  0%| F|  |TAMS 0x0000000083a00000, 0x0000000083a00000| Untracked 
|  59|0x0000000083b00000, 0x0000000083b00000, 0x0000000083c00000|  0%| F|  |TAMS 0x0000000083b00000, 0x0000000083b00000| Untracked 
|  60|0x0000000083c00000, 0x0000000083c00000, 0x0000000083d00000|  0%| F|  |TAMS 0x0000000083c00000, 0x0000000083c00000| Untracked 
|  61|0x0000000083d00000, 0x0000000083d00000, 0x0000000083e00000|  0%| F|  |TAMS 0x0000000083d00000, 0x0000000083d00000| Untracked 
|  62|0x0000000083e00000, 0x0000000083e00000, 0x0000000083f00000|  0%| F|  |TAMS 0x0000000083e00000, 0x0000000083e00000| Untracked 
|  63|0x0000000083f00000, 0x0000000083f00000, 0x0000000084000000|  0%| F|  |TAMS 0x0000000083f00000, 0x0000000083f00000| Untracked 
|  64|0x0000000084000000, 0x0000000084000000, 0x0000000084100000|  0%| F|  |TAMS 0x0000000084000000, 0x0000000084000000| Untracked 
|  65|0x0000000084100000, 0x0000000084100000, 0x0000000084200000|  0%| F|  |TAMS 0x0000000084100000, 0x0000000084100000| Untracked 
|  66|0x0000000084200000, 0x0000000084200000, 0x0000000084300000|  0%| F|  |TAMS 0x0000000084200000, 0x0000000084200000| Untracked 
|  67|0x0000000084300000, 0x0000000084300000, 0x0000000084400000|  0%| F|  |TAMS 0x0000000084300000, 0x0000000084300000| Untracked 
|  68|0x0000000084400000, 0x0000000084400000, 0x0000000084500000|  0%| F|  |TAMS 0x0000000084400000, 0x0000000084400000| Untracked 
|  69|0x0000000084500000, 0x0000000084500000, 0x0000000084600000|  0%| F|  |TAMS 0x0000000084500000, 0x0000000084500000| Untracked 
|  70|0x0000000084600000, 0x0000000084600000, 0x0000000084700000|  0%| F|  |TAMS 0x0000000084600000, 0x0000000084600000| Untracked 
|  71|0x0000000084700000, 0x0000000084800000, 0x0000000084800000|100%| E|  |TAMS 0x0000000084700000, 0x0000000084700000| Complete 
|  72|0x0000000084800000, 0x0000000084900000, 0x0000000084900000|100%| E|CS|TAMS 0x0000000084800000, 0x0000000084800000| Complete 
|  73|0x0000000084900000, 0x0000000084a00000, 0x0000000084a00000|100%| E|CS|TAMS 0x0000000084900000, 0x0000000084900000| Complete 
|  74|0x0000000084a00000, 0x0000000084b00000, 0x0000000084b00000|100%| E|CS|TAMS 0x0000000084a00000, 0x0000000084a00000| Complete 
|  75|0x0000000084b00000, 0x0000000084c00000, 0x0000000084c00000|100%| E|CS|TAMS 0x0000000084b00000, 0x0000000084b00000| Complete 
|  76|0x0000000084c00000, 0x0000000084d00000, 0x0000000084d00000|100%| E|CS|TAMS 0x0000000084c00000, 0x0000000084c00000| Complete 
|  77|0x0000000084d00000, 0x0000000084e00000, 0x0000000084e00000|100%| E|CS|TAMS 0x0000000084d00000, 0x0000000084d00000| Complete 
|  78|0x0000000084e00000, 0x0000000084f00000, 0x0000000084f00000|100%| E|CS|TAMS 0x0000000084e00000, 0x0000000084e00000| Complete 
|  79|0x0000000084f00000, 0x0000000085000000, 0x0000000085000000|100%| E|CS|TAMS 0x0000000084f00000, 0x0000000084f00000| Complete 
|  80|0x0000000085000000, 0x0000000085100000, 0x0000000085100000|100%| E|CS|TAMS 0x0000000085000000, 0x0000000085000000| Complete 
|  81|0x0000000085100000, 0x0000000085200000, 0x0000000085200000|100%| E|CS|TAMS 0x0000000085100000, 0x0000000085100000| Complete 
|  82|0x0000000085200000, 0x0000000085300000, 0x0000000085300000|100%| E|CS|TAMS 0x0000000085200000, 0x0000000085200000| Complete 
|  83|0x0000000085300000, 0x0000000085400000, 0x0000000085400000|100%| E|CS|TAMS 0x0000000085300000, 0x0000000085300000| Complete 
|  84|0x0000000085400000, 0x0000000085500000, 0x0000000085500000|100%| E|CS|TAMS 0x0000000085400000, 0x0000000085400000| Complete 
| 124|0x0000000087c00000, 0x0000000087d00000, 0x0000000087d00000|100%| E|CS|TAMS 0x0000000087c00000, 0x0000000087c00000| Complete 
| 125|0x0000000087d00000, 0x0000000087e00000, 0x0000000087e00000|100%| E|CS|TAMS 0x0000000087d00000, 0x0000000087d00000| Complete 

Card table byte_map: [0x000002631f6b0000,0x000002631fab0000] _byte_map_base: 0x000002631f2b0000

Marking Bits (Prev, Next): (CMBitMap*) 0x00000263082f0810, (CMBitMap*) 0x00000263082f07d0
 Prev Bits: [0x0000026321eb0000, 0x0000026323eb0000)
 Next Bits: [0x000002631feb0000, 0x0000026321eb0000)

Polling page: 0x0000026307980000

Metaspace:

Usage:
  Non-class:     24.93 MB used.
      Class:      4.12 MB used.
       Both:     29.05 MB used.

Virtual space:
  Non-class space:       64.00 MB reserved,      25.12 MB ( 39%) committed,  1 nodes.
      Class space:      416.00 MB reserved,       4.31 MB (  1%) committed,  1 nodes.
             Both:      480.00 MB reserved,      29.44 MB (  6%) committed. 

Chunk freelists:
   Non-Class:  6.36 MB
       Class:  11.73 MB
        Both:  18.09 MB

MaxMetaspaceSize: 512.00 MB
CompressedClassSpaceSize: 416.00 MB
Initial GC threshold: 21.00 MB
Current GC threshold: 35.31 MB
CDS: on
MetaspaceReclaimPolicy: balanced
 - commit_granule_bytes: 65536.
 - commit_granule_words: 8192.
 - virtual_space_node_default_size: 8388608.
 - enlarge_chunks_in_place: 1.
 - new_chunks_are_fully_committed: 0.
 - uncommit_free_chunks: 1.
 - use_allocation_guard: 0.
 - handle_deallocations: 1.


Internal statistics:

num_allocs_failed_limit: 3.
num_arena_births: 366.
num_arena_deaths: 0.
num_vsnodes_births: 2.
num_vsnodes_deaths: 0.
num_space_committed: 471.
num_space_uncommitted: 0.
num_chunks_returned_to_freelist: 3.
num_chunks_taken_from_freelist: 1508.
num_chunk_merges: 3.
num_chunk_splits: 1021.
num_chunks_enlarged: 719.
num_inconsistent_stats: 0.

CodeHeap 'non-profiled nmethods': size=120000Kb used=1595Kb max_used=1595Kb free=118404Kb
 bounds [0x0000026317830000, 0x0000026317aa0000, 0x000002631ed60000]
CodeHeap 'profiled nmethods': size=120000Kb used=6672Kb max_used=6672Kb free=113327Kb
 bounds [0x000002630fd60000, 0x00000263103f0000, 0x0000026317290000]
CodeHeap 'non-nmethods': size=5760Kb used=1259Kb max_used=1333Kb free=4501Kb
 bounds [0x0000026317290000, 0x0000026317500000, 0x0000026317830000]
 total_blobs=3782 nmethods=3209 adapters=484
 compilation: enabled
              stopped_count=0, restarted_count=0
 full_count=0

Compilation events (20 events):
Event: 9.524 Thread 0x0000026326801d20 3169       3       com.google.common.reflect.TypeResolver$TypeMappingIntrospector::visitClass (24 bytes)
Event: 9.527 Thread 0x0000026326801d20 nmethod 3169 0x00000263103d1890 code [0x00000263103d1b80, 0x00000263103d2ca8]
Event: 9.527 Thread 0x0000026326801d20 3173       3       com.google.common.collect.RegularImmutableSet::iterator (5 bytes)
Event: 9.527 Thread 0x0000026326801d20 nmethod 3173 0x00000263103d3210 code [0x00000263103d3420, 0x00000263103d3b38]
Event: 9.527 Thread 0x0000026326801d20 3171       3       com.google.common.reflect.TypeResolver$TypeVariableKey::<init> (16 bytes)
Event: 9.527 Thread 0x0000026326801d20 nmethod 3171 0x00000263103d3e10 code [0x00000263103d3fe0, 0x00000263103d4428]
Event: 9.527 Thread 0x0000026326801d20 3170       3       java.lang.Class::getGenericInterfaces (21 bytes)
Event: 9.528 Thread 0x0000026326801d20 nmethod 3170 0x00000263103d4590 code [0x00000263103d4780, 0x00000263103d4cd8]
Event: 9.528 Thread 0x0000026326801d20 3174       3       com.google.common.collect.SingletonImmutableSet::iterator (8 bytes)
Event: 9.528 Thread 0x0000026326801d20 nmethod 3174 0x00000263103d4e90 code [0x00000263103d5040, 0x00000263103d5378]
Event: 9.528 Thread 0x0000026326801d20 3175       3       org.gradle.internal.instantiation.generator.AbstractClassGenerator$PropertyMetadata$$Lambda$147/0x00000263281c5d98::get (12 bytes)
Event: 9.529 Thread 0x0000026326801d20 nmethod 3175 0x00000263103d5490 code [0x00000263103d56c0, 0x00000263103d5f48]
Event: 9.529 Thread 0x0000026326801d20 3176       1       com.google.common.collect.LinkedHashMultimap$ValueEntry::setSuccessorInMultimap (6 bytes)
Event: 9.529 Thread 0x0000026326801d20 nmethod 3176 0x00000263179bd410 code [0x00000263179bd5a0, 0x00000263179bd6b8]
Event: 9.529 Thread 0x0000026326801d20 3177       1       com.google.common.collect.LinkedHashMultimap$ValueEntry::setPredecessorInMultimap (6 bytes)
Event: 9.529 Thread 0x0000026326801d20 nmethod 3177 0x00000263179bd710 code [0x00000263179bd8a0, 0x00000263179bd9b8]
Event: 9.529 Thread 0x0000026326801d20 3178       1       org.gradle.internal.instantiation.generator.AsmBackedClassGenerator$ClassBuilderImpl::access$3800 (5 bytes)
Event: 9.529 Thread 0x0000026326801d20 nmethod 3178 0x00000263179bda10 code [0x00000263179bdba0, 0x00000263179bdc58]
Event: 9.529 Thread 0x0000026326801d20 3179       1       org.gradle.internal.instantiation.generator.AbstractClassGenerator$PropertyMetadata::getOverridableSetters (5 bytes)
Event: 9.529 Thread 0x0000026326801d20 nmethod 3179 0x00000263179bdd10 code [0x00000263179bdea0, 0x00000263179bdf78]

GC Heap History (10 events):
Event: 1.055 GC heap before
{Heap before GC invocations=0 (full 0):
 garbage-first heap   total 129024K, used 26624K [0x0000000080000000, 0x0000000100000000)
  region size 1024K, 23 young (23552K), 0 survivors (0K)
 Metaspace       used 3077K, committed 3200K, reserved 491520K
  class space    used 366K, committed 448K, reserved 425984K
}
Event: 1.073 GC heap after
{Heap after GC invocations=1 (full 0):
 garbage-first heap   total 129024K, used 10933K [0x0000000080000000, 0x0000000100000000)
  region size 1024K, 3 young (3072K), 3 survivors (3072K)
 Metaspace       used 3077K, committed 3200K, reserved 491520K
  class space    used 366K, committed 448K, reserved 425984K
}
Event: 1.725 GC heap before
{Heap before GC invocations=1 (full 0):
 garbage-first heap   total 129024K, used 40629K [0x0000000080000000, 0x0000000100000000)
  region size 1024K, 30 young (30720K), 3 survivors (3072K)
 Metaspace       used 4619K, committed 4800K, reserved 491520K
  class space    used 582K, committed 640K, reserved 425984K
}
Event: 1.734 GC heap after
{Heap after GC invocations=2 (full 0):
 garbage-first heap   total 129024K, used 15184K [0x0000000080000000, 0x0000000100000000)
  region size 1024K, 3 young (3072K), 3 survivors (3072K)
 Metaspace       used 4619K, committed 4800K, reserved 491520K
  class space    used 582K, committed 640K, reserved 425984K
}
Event: 4.701 GC heap before
{Heap before GC invocations=2 (full 0):
 garbage-first heap   total 129024K, used 82768K [0x0000000080000000, 0x0000000100000000)
  region size 1024K, 69 young (70656K), 3 survivors (3072K)
 Metaspace       used 14686K, committed 14912K, reserved 491520K
  class space    used 2016K, committed 2112K, reserved 425984K
}
Event: 4.794 GC heap after
{Heap after GC invocations=3 (full 0):
 garbage-first heap   total 129024K, used 21429K [0x0000000080000000, 0x0000000100000000)
  region size 1024K, 9 young (9216K), 9 survivors (9216K)
 Metaspace       used 14686K, committed 14912K, reserved 491520K
  class space    used 2016K, committed 2112K, reserved 425984K
}
Event: 6.499 GC heap before
{Heap before GC invocations=3 (full 0):
 garbage-first heap   total 129024K, used 67509K [0x0000000080000000, 0x0000000100000000)
  region size 1024K, 54 young (55296K), 9 survivors (9216K)
 Metaspace       used 21196K, committed 21504K, reserved 491520K
  class space    used 2928K, committed 3072K, reserved 425984K
}
Event: 6.507 GC heap after
{Heap after GC invocations=4 (full 0):
 garbage-first heap   total 129024K, used 24101K [0x0000000080000000, 0x0000000100000000)
  region size 1024K, 3 young (3072K), 3 survivors (3072K)
 Metaspace       used 21196K, committed 21504K, reserved 491520K
  class space    used 2928K, committed 3072K, reserved 425984K
}
Event: 8.453 GC heap before
{Heap before GC invocations=5 (full 0):
 garbage-first heap   total 89088K, used 73253K [0x0000000080000000, 0x0000000100000000)
  region size 1024K, 52 young (53248K), 3 survivors (3072K)
 Metaspace       used 27678K, committed 28032K, reserved 491520K
  class space    used 3920K, committed 4096K, reserved 425984K
}
Event: 8.459 GC heap after
{Heap after GC invocations=6 (full 0):
 garbage-first heap   total 89088K, used 26205K [0x0000000080000000, 0x0000000100000000)
  region size 1024K, 5 young (5120K), 5 survivors (5120K)
 Metaspace       used 27678K, committed 28032K, reserved 491520K
  class space    used 3920K, committed 4096K, reserved 425984K
}

Dll operation events (14 events):
Event: 0.018 Loaded shared library C:\Program Files\Microsoft\jdk-17.0.8.7-hotspot\bin\java.dll
Event: 0.059 Loaded shared library C:\Program Files\Microsoft\jdk-17.0.8.7-hotspot\bin\jsvml.dll
Event: 0.136 Loaded shared library C:\Program Files\Microsoft\jdk-17.0.8.7-hotspot\bin\zip.dll
Event: 0.140 Loaded shared library C:\Program Files\Microsoft\jdk-17.0.8.7-hotspot\bin\instrument.dll
Event: 0.149 Loaded shared library C:\Program Files\Microsoft\jdk-17.0.8.7-hotspot\bin\net.dll
Event: 0.152 Loaded shared library C:\Program Files\Microsoft\jdk-17.0.8.7-hotspot\bin\nio.dll
Event: 0.155 Loaded shared library C:\Program Files\Microsoft\jdk-17.0.8.7-hotspot\bin\zip.dll
Event: 0.361 Loaded shared library C:\Program Files\Microsoft\jdk-17.0.8.7-hotspot\bin\jimage.dll
Event: 0.738 Loaded shared library C:\Program Files\Microsoft\jdk-17.0.8.7-hotspot\bin\verify.dll
Event: 0.819 Loaded shared library C:\Users\User\.gradle\native\660c5614fbf4a5f2a75b1949f50a0caf5cd603558e7d8a26e50b933a0cfb79d1\windows-amd64\native-platform.dll
Event: 0.841 Loaded shared library C:\Users\User\.gradle\native\0.2.8\x86_64-windows-gnu\gradle-fileevents.dll
Event: 2.588 Loaded shared library C:\Program Files\Microsoft\jdk-17.0.8.7-hotspot\bin\management.dll
Event: 2.593 Loaded shared library C:\Program Files\Microsoft\jdk-17.0.8.7-hotspot\bin\management_ext.dll
Event: 3.617 Loaded shared library C:\Program Files\Microsoft\jdk-17.0.8.7-hotspot\bin\sunmscapi.dll

Deoptimization events (20 events):
Event: 6.232 Thread 0x000002634825b740 DEOPT PACKING pc=0x00000263100e8a08 sp=0x000000ecfdcf89c0
Event: 6.232 Thread 0x000002634825b740 DEOPT UNPACKING pc=0x00000263172e7143 sp=0x000000ecfdcf7ec8 mode 0
Event: 6.401 Thread 0x000002634825b740 DEOPT PACKING pc=0x00000263100f5749 sp=0x000000ecfdcfbd00
Event: 6.401 Thread 0x000002634825b740 DEOPT UNPACKING pc=0x00000263172e7143 sp=0x000000ecfdcfb210 mode 0
Event: 6.600 Thread 0x000002634825b740 Uncommon trap: trap_request=0xffffff45 fr.pc=0x0000026317910878 relative=0x0000000000000af8
Event: 6.600 Thread 0x000002634825b740 Uncommon trap: reason=unstable_if action=reinterpret pc=0x0000026317910878 method=java.util.HashMap.putVal(ILjava/lang/Object;Ljava/lang/Object;ZZ)Ljava/lang/Object; @ 206 c2
Event: 6.600 Thread 0x000002634825b740 DEOPT PACKING pc=0x0000026317910878 sp=0x000000ecfdcfa510
Event: 6.600 Thread 0x000002634825b740 DEOPT UNPACKING pc=0x00000263172e69a3 sp=0x000000ecfdcfa4a8 mode 2
Event: 6.809 Thread 0x000002634825b740 Uncommon trap: trap_request=0xffffffde fr.pc=0x000002631783b5a8 relative=0x00000000000001a8
Event: 6.809 Thread 0x000002634825b740 Uncommon trap: reason=class_check action=maybe_recompile pc=0x000002631783b5a8 method=java.lang.String.equals(Ljava/lang/Object;)Z @ 8 c2
Event: 6.809 Thread 0x000002634825b740 DEOPT PACKING pc=0x000002631783b5a8 sp=0x000000ecfdcf8960
Event: 6.809 Thread 0x000002634825b740 DEOPT UNPACKING pc=0x00000263172e69a3 sp=0x000000ecfdcf8908 mode 2
Event: 7.838 Thread 0x000002634825b740 Uncommon trap: trap_request=0xffffffde fr.pc=0x000002631783b5a8 relative=0x00000000000001a8
Event: 7.838 Thread 0x000002634825b740 Uncommon trap: reason=class_check action=maybe_recompile pc=0x000002631783b5a8 method=java.lang.String.equals(Ljava/lang/Object;)Z @ 8 c2
Event: 7.838 Thread 0x000002634825b740 DEOPT PACKING pc=0x000002631783b5a8 sp=0x000000ecfdcf8d80
Event: 7.838 Thread 0x000002634825b740 DEOPT UNPACKING pc=0x00000263172e69a3 sp=0x000000ecfdcf8d28 mode 2
Event: 8.133 Thread 0x000002634825b740 Uncommon trap: trap_request=0xffffff45 fr.pc=0x0000026317891834 relative=0x0000000000000474
Event: 8.133 Thread 0x000002634825b740 Uncommon trap: reason=unstable_if action=reinterpret pc=0x0000026317891834 method=java.util.HashMap.hash(Ljava/lang/Object;)I @ 1 c2
Event: 8.133 Thread 0x000002634825b740 DEOPT PACKING pc=0x0000026317891834 sp=0x000000ecfdcf7e60
Event: 8.133 Thread 0x000002634825b740 DEOPT UNPACKING pc=0x00000263172e69a3 sp=0x000000ecfdcf7d08 mode 2

Classes unloaded (0 events):
No events

Classes redefined (0 events):
No events

Internal exceptions (20 events):
Event: 6.881 Thread 0x000002634825b740 Exception <a 'java/lang/NoSuchMethodError'{0x00000000847ea628}: 'java.lang.Object java.lang.invoke.DirectMethodHandle$Holder.invokeStatic(java.lang.Object, java.lang.Object, java.lang.Object, java.lang.Object, java.lang.Object, java.lang.Object, java.lang.Object, java.lang.Object, java.lang.Object, java.lang.Object, java.lang.Object, java.lang.Object, java.lang.Object, java.lang.Object, java.lang.Object, java.lang.Object, java.lang.Object, java.lang.Object, java.lang.Object, java.lang.Object, java.lang.Obj
Event: 6.883 Thread 0x000002634825b740 Exception <a 'java/lang/NoSuchMethodError'{0x0000000084619d00}: 'java.lang.Object java.lang.invoke.DirectMethodHandle$Holder.invokeStatic(java.lang.Object, java.lang.Object, java.lang.Object, java.lang.Object, java.lang.Object, java.lang.Object, java.lang.Object, java.lang.Object, java.lang.Object, java.lang.Object, java.lang.Object, java.lang.Object, java.lang.Object, java.lang.Object, java.lang.Object, java.lang.Object, java.lang.Object, java.lang.Object, java.lang.Object, java.lang.Object, java.lang.Obj
Event: 6.886 Thread 0x000002634825b740 Exception <a 'java/lang/NoSuchMethodError'{0x000000008464aaf8}: 'java.lang.Object java.lang.invoke.DirectMethodHandle$Holder.invokeStatic(java.lang.Object, java.lang.Object, java.lang.Object, java.lang.Object, java.lang.Object, java.lang.Object, java.lang.Object, java.lang.Object, java.lang.Object, java.lang.Object, java.lang.Object, java.lang.Object, java.lang.Object, java.lang.Object, java.lang.Object, java.lang.Object, java.lang.Object, java.lang.Object, java.lang.Object, java.lang.Object, java.lang.Obj
Event: 6.888 Thread 0x000002634825b740 Exception <a 'java/lang/NoSuchMethodError'{0x000000008467cdf0}: 'java.lang.Object java.lang.invoke.DirectMethodHandle$Holder.invokeStatic(java.lang.Object, java.lang.Object, java.lang.Object, java.lang.Object, java.lang.Object, java.lang.Object, java.lang.Object, java.lang.Object, java.lang.Object, java.lang.Object, java.lang.Object, java.lang.Object, java.lang.Object, java.lang.Object, java.lang.Object, java.lang.Object, java.lang.Object, java.lang.Object, java.lang.Object, java.lang.Object, java.lang.Obj
Event: 6.917 Thread 0x000002634825b740 Exception <a 'java/lang/NoSuchMethodError'{0x00000000845ccc40}: 'java.lang.Object java.lang.invoke.DirectMethodHandle$Holder.invokeStaticInit(java.lang.Object, java.lang.Object, java.lang.Object)'> (0x00000000845ccc40) 
thrown [s\src\hotspot\share\interpreter\linkResolver.cpp, line 759]
Event: 6.961 Thread 0x000002634825b740 Exception <a 'java/lang/NoSuchMethodError'{0x00000000843dc4b0}: 'int java.lang.invoke.DirectMethodHandle$Holder.invokeStaticInit(java.lang.Object, java.lang.Object)'> (0x00000000843dc4b0) 
thrown [s\src\hotspot\share\interpreter\linkResolver.cpp, line 759]
Event: 6.969 Thread 0x000002634825b740 Exception <a 'java/lang/IncompatibleClassChangeError'{0x000000008421c080}: Found class java.lang.Object, but interface was expected> (0x000000008421c080) 
thrown [s\src\hotspot\share\interpreter\linkResolver.cpp, line 826]
Event: 7.033 Thread 0x000002634825b740 Exception <a 'java/lang/NoSuchMethodError'{0x00000000841cc090}: 'void java.lang.invoke.DirectMethodHandle$Holder.invokeStaticInit(java.lang.Object, java.lang.Object)'> (0x00000000841cc090) 
thrown [s\src\hotspot\share\interpreter\linkResolver.cpp, line 759]
Event: 7.223 Thread 0x000002634825b740 Exception <a 'java/lang/NoSuchMethodError'{0x0000000083a291a8}: 'int java.lang.invoke.DirectMethodHandle$Holder.invokeVirtual(java.lang.Object, java.lang.Object)'> (0x0000000083a291a8) 
thrown [s\src\hotspot\share\interpreter\linkResolver.cpp, line 759]
Event: 7.852 Thread 0x000002634825b740 Exception <a 'java/lang/NoSuchMethodError'{0x0000000082d14cd8}: 'java.lang.Object java.lang.invoke.DirectMethodHandle$Holder.invokeSpecialIFC(java.lang.Object, java.lang.Object, java.lang.Object, java.lang.Object)'> (0x0000000082d14cd8) 
thrown [s\src\hotspot\share\interpreter\linkResolver.cpp, line 759]
Event: 7.857 Thread 0x000002634825b740 Exception <a 'java/lang/NoSuchMethodError'{0x0000000082d63bf0}: 'java.lang.Object java.lang.invoke.DirectMethodHandle$Holder.newInvokeSpecial(java.lang.Object, java.lang.Object, java.lang.Object, java.lang.Object, java.lang.Object, java.lang.Object, java.lang.Object, java.lang.Object, java.lang.Object, java.lang.Object)'> (0x0000000082d63bf0) 
thrown [s\src\hotspot\share\interpreter\linkResolver.cpp, line 759]
Event: 7.857 Thread 0x000002634825b740 Exception <a 'java/lang/NoSuchMethodError'{0x0000000082d68ad8}: 'java.lang.Object java.lang.invoke.Invokers$Holder.linkToTargetMethod(java.lang.Object, java.lang.Object, java.lang.Object, java.lang.Object, java.lang.Object, java.lang.Object, java.lang.Object, java.lang.Object, java.lang.Object, java.lang.Object)'> (0x0000000082d68ad8) 
thrown [s\src\hotspot\share\interpreter\linkResolver.cpp, line 759]
Event: 8.133 Thread 0x000002634825b740 Implicit null exception at 0x000002631789140f to 0x0000026317891814
Event: 8.351 Thread 0x000002634825b740 Exception <a 'java/lang/NoSuchMethodError'{0x000000008244d9a0}: 'java.lang.Object java.lang.invoke.DirectMethodHandle$Holder.newInvokeSpecial(java.lang.Object, java.lang.Object, int, int)'> (0x000000008244d9a0) 
thrown [s\src\hotspot\share\interpreter\linkResolver.cpp, line 759]
Event: 8.557 Thread 0x000002634825b740 Exception <a 'java/lang/NoSuchMethodError'{0x00000000854b4c98}: 'java.lang.Object java.lang.invoke.DirectMethodHandle$Holder.newInvokeSpecial(java.lang.Object, java.lang.Object, java.lang.Object, java.lang.Object, java.lang.Object, java.lang.Object, java.lang.Object, java.lang.Object, java.lang.Object, java.lang.Object, java.lang.Object)'> (0x00000000854b4c98) 
thrown [s\src\hotspot\share\interpreter\linkResolver.cpp, line 759]
Event: 8.558 Thread 0x000002634825b740 Exception <a 'java/lang/NoSuchMethodError'{0x00000000854ba7d0}: 'java.lang.Object java.lang.invoke.DirectMethodHandle$Holder.invokeSpecial(java.lang.Object, java.lang.Object, java.lang.Object, java.lang.Object, java.lang.Object, java.lang.Object, java.lang.Object, java.lang.Object, java.lang.Object, java.lang.Object, java.lang.Object, java.lang.Object)'> (0x00000000854ba7d0) 
thrown [s\src\hotspot\share\interpreter\linkResolver.cpp, line 759]
Event: 8.558 Thread 0x000002634825b740 Exception <a 'java/lang/NoSuchMethodError'{0x00000000854bfe68}: 'java.lang.Object java.lang.invoke.Invokers$Holder.linkToTargetMethod(java.lang.Object, java.lang.Object, java.lang.Object, java.lang.Object, java.lang.Object, java.lang.Object, java.lang.Object, java.lang.Object, java.lang.Object, java.lang.Object, java.lang.Object)'> (0x00000000854bfe68) 
thrown [s\src\hotspot\share\interpreter\linkResolver.cpp, line 759]
Event: 8.591 Thread 0x000002634825b740 Exception <a 'java/lang/NoSuchMethodError'{0x000000008532cb50}: 'java.lang.Object java.lang.invoke.DirectMethodHandle$Holder.newInvokeSpecial(java.lang.Object, java.lang.Object, java.lang.Object, java.lang.Object, java.lang.Object, java.lang.Object, java.lang.Object, java.lang.Object, java.lang.Object, java.lang.Object, java.lang.Object, java.lang.Object)'> (0x000000008532cb50) 
thrown [s\src\hotspot\share\interpreter\linkResolver.cpp, line 759]
Event: 8.591 Thread 0x000002634825b740 Exception <a 'java/lang/NoSuchMethodError'{0x0000000085332870}: 'java.lang.Object java.lang.invoke.DirectMethodHandle$Holder.invokeSpecial(java.lang.Object, java.lang.Object, java.lang.Object, java.lang.Object, java.lang.Object, java.lang.Object, java.lang.Object, java.lang.Object, java.lang.Object, java.lang.Object, java.lang.Object, java.lang.Object, java.lang.Object)'> (0x0000000085332870) 
thrown [s\src\hotspot\share\interpreter\linkResolver.cpp, line 759]
Event: 8.592 Thread 0x000002634825b740 Exception <a 'java/lang/NoSuchMethodError'{0x0000000085338090}: 'java.lang.Object java.lang.invoke.Invokers$Holder.linkToTargetMethod(java.lang.Object, java.lang.Object, java.lang.Object, java.lang.Object, java.lang.Object, java.lang.Object, java.lang.Object, java.lang.Object, java.lang.Object, java.lang.Object, java.lang.Object, java.lang.Object)'> (0x0000000085338090) 
thrown [s\src\hotspot\share\interpreter\linkResolver.cpp, line 759]

VM Operations (20 events):
Event: 6.384 Executing VM operation: Cleanup
Event: 6.386 Executing VM operation: Cleanup done
Event: 6.499 Executing VM operation: CollectForMetadataAllocation
Event: 6.507 Executing VM operation: CollectForMetadataAllocation done
Event: 6.524 Executing VM operation: G1PauseRemark
Event: 6.527 Executing VM operation: G1PauseRemark done
Event: 6.531 Executing VM operation: G1PauseCleanup
Event: 6.533 Executing VM operation: G1PauseCleanup done
Event: 7.116 Executing VM operation: HandshakeAllThreads
Event: 7.116 Executing VM operation: HandshakeAllThreads done
Event: 7.506 Executing VM operation: HandshakeAllThreads
Event: 7.506 Executing VM operation: HandshakeAllThreads done
Event: 8.141 Executing VM operation: HandshakeAllThreads
Event: 8.141 Executing VM operation: HandshakeAllThreads done
Event: 8.141 Executing VM operation: Cleanup
Event: 8.141 Executing VM operation: Cleanup done
Event: 8.453 Executing VM operation: G1CollectForAllocation
Event: 8.459 Executing VM operation: G1CollectForAllocation done
Event: 9.461 Executing VM operation: Cleanup
Event: 9.461 Executing VM operation: Cleanup done

Events (20 events):
Event: 7.210 loading class java/util/concurrent/locks/AbstractQueuedSynchronizer$SharedNode done
Event: 7.221 Thread 0x00000263488d83a0 Thread added: 0x00000263488d83a0
Event: 7.228 loading class java/util/ArrayDeque$DeqSpliterator
Event: 7.228 loading class java/util/ArrayDeque$DeqSpliterator done
Event: 7.465 Thread 0x00000263488d41d0 Thread added: 0x00000263488d41d0
Event: 7.481 loading class java/lang/invoke/SerializedLambda
Event: 7.482 loading class java/lang/invoke/SerializedLambda done
Event: 7.846 Thread 0x00000263488d5610 Thread added: 0x00000263488d5610
Event: 8.130 loading class java/lang/reflect/AnnotatedType
Event: 8.130 loading class java/lang/reflect/AnnotatedType done
Event: 8.150 loading class sun/reflect/generics/tree/IntSignature
Event: 8.150 loading class sun/reflect/generics/tree/IntSignature done
Event: 8.150 loading class sun/reflect/generics/tree/ArrayTypeSignature
Event: 8.150 loading class sun/reflect/generics/tree/ArrayTypeSignature done
Event: 8.161 loading class java/lang/SafeVarargs
Event: 8.164 loading class java/lang/SafeVarargs done
Event: 8.359 loading class jdk/internal/reflect/UnsafeStaticIntegerFieldAccessorImpl
Event: 8.360 loading class jdk/internal/reflect/UnsafeStaticIntegerFieldAccessorImpl done
Event: 8.610 Thread 0x00000263488d7e90 Thread added: 0x00000263488d7e90
Event: 8.891 Thread 0x00000263488d5100 Thread added: 0x00000263488d5100


Dynamic libraries:
0x00007ff645670000 - 0x00007ff64567e000 	C:\Program Files\Microsoft\jdk-17.0.8.7-hotspot\bin\java.exe
0x00007ffb70810000 - 0x00007ffb70a27000 	C:\WINDOWS\SYSTEM32\ntdll.dll
0x00007ffb6f250000 - 0x00007ffb6f314000 	C:\WINDOWS\System32\KERNEL32.DLL
0x00007ffb6dae0000 - 0x00007ffb6de9a000 	C:\WINDOWS\System32\KERNELBASE.dll
0x00007ffb6e080000 - 0x00007ffb6e191000 	C:\WINDOWS\System32\ucrtbase.dll
0x00007ffb3f4f0000 - 0x00007ffb3f507000 	C:\Program Files\Microsoft\jdk-17.0.8.7-hotspot\bin\jli.dll
0x00007ffb40170000 - 0x00007ffb4018b000 	C:\Program Files\Microsoft\jdk-17.0.8.7-hotspot\bin\VCRUNTIME140.dll
0x00007ffb6e510000 - 0x00007ffb6e6be000 	C:\WINDOWS\System32\USER32.dll
0x00007ffb6e1a0000 - 0x00007ffb6e1c6000 	C:\WINDOWS\System32\win32u.dll
0x00007ffb6f6a0000 - 0x00007ffb6f6c9000 	C:\WINDOWS\System32\GDI32.dll
0x00007ffb6df60000 - 0x00007ffb6e07b000 	C:\WINDOWS\System32\gdi32full.dll
0x00007ffb6e1d0000 - 0x00007ffb6e26a000 	C:\WINDOWS\System32\msvcp_win.dll
0x00007ffb58900000 - 0x00007ffb58b92000 	C:\WINDOWS\WinSxS\amd64_microsoft.windows.common-controls_6595b64144ccf1df_6.0.22621.4541_none_2710d1c57384c085\COMCTL32.dll
0x00007ffb6f7c0000 - 0x00007ffb6f867000 	C:\WINDOWS\System32\msvcrt.dll
0x00007ffb705b0000 - 0x00007ffb705e1000 	C:\WINDOWS\System32\IMM32.DLL
0x00000000698e0000 - 0x00000000698ed000 	C:\Program Files (x86)\360\Total Security\safemon\SafeWrapper.dll
0x00007ffb6f890000 - 0x00007ffb6f942000 	C:\WINDOWS\System32\ADVAPI32.dll
0x00007ffb6fad0000 - 0x00007ffb6fb77000 	C:\WINDOWS\System32\sechost.dll
0x00007ffb6e2f0000 - 0x00007ffb6e318000 	C:\WINDOWS\System32\bcrypt.dll
0x00007ffb6f580000 - 0x00007ffb6f694000 	C:\WINDOWS\System32\RPCRT4.dll
0x00007ffb665e0000 - 0x00007ffb666e5000 	C:\Program Files (x86)\360\Total Security\safemon\libzdtp64.dll
0x00007ffb6fb80000 - 0x00007ffb703f8000 	C:\WINDOWS\System32\SHELL32.dll
0x00007ffb6ea60000 - 0x00007ffb6eabe000 	C:\WINDOWS\System32\SHLWAPI.dll
0x00007ffb6d650000 - 0x00007ffb6d65a000 	C:\WINDOWS\SYSTEM32\VERSION.dll
0x00007ffb40160000 - 0x00007ffb4016c000 	C:\Program Files\Microsoft\jdk-17.0.8.7-hotspot\bin\vcruntime140_1.dll
0x00007ffb31960000 - 0x00007ffb319ed000 	C:\Program Files\Microsoft\jdk-17.0.8.7-hotspot\bin\msvcp140.dll
0x00007ffab56b0000 - 0x00007ffab6315000 	C:\Program Files\Microsoft\jdk-17.0.8.7-hotspot\bin\server\jvm.dll
0x00007ffb6d7b0000 - 0x00007ffb6d7fd000 	C:\WINDOWS\SYSTEM32\POWRPROF.dll
0x00007ffb3de00000 - 0x00007ffb3de09000 	C:\WINDOWS\SYSTEM32\WSOCK32.dll
0x00007ffb58820000 - 0x00007ffb58854000 	C:\WINDOWS\SYSTEM32\WINMM.dll
0x00007ffb6f6d0000 - 0x00007ffb6f741000 	C:\WINDOWS\System32\WS2_32.dll
0x00007ffb6d790000 - 0x00007ffb6d7a3000 	C:\WINDOWS\SYSTEM32\UMPDC.dll
0x00007ffb6ca70000 - 0x00007ffb6ca88000 	C:\WINDOWS\SYSTEM32\kernel.appcore.dll
0x00007ffb3c0c0000 - 0x00007ffb3c0ca000 	C:\Program Files\Microsoft\jdk-17.0.8.7-hotspot\bin\jimage.dll
0x00007ffb58cb0000 - 0x00007ffb58ee2000 	C:\WINDOWS\SYSTEM32\DBGHELP.DLL
0x00007ffb6e6d0000 - 0x00007ffb6ea5f000 	C:\WINDOWS\System32\combase.dll
0x00007ffb6efb0000 - 0x00007ffb6f087000 	C:\WINDOWS\System32\OLEAUT32.dll
0x00007ffb4bf50000 - 0x00007ffb4bf82000 	C:\WINDOWS\SYSTEM32\dbgcore.DLL
0x00007ffb6e320000 - 0x00007ffb6e39b000 	C:\WINDOWS\System32\bcryptPrimitives.dll
0x00007ffb31e70000 - 0x00007ffb31e7e000 	C:\Program Files\Microsoft\jdk-17.0.8.7-hotspot\bin\instrument.dll
0x00007ffb3b260000 - 0x00007ffb3b285000 	C:\Program Files\Microsoft\jdk-17.0.8.7-hotspot\bin\java.dll
0x00007ffb130d0000 - 0x00007ffb131a7000 	C:\Program Files\Microsoft\jdk-17.0.8.7-hotspot\bin\jsvml.dll
0x00007ffb6b960000 - 0x00007ffb6c268000 	C:\WINDOWS\SYSTEM32\windows.storage.dll
0x00007ffb6b820000 - 0x00007ffb6b95f000 	C:\WINDOWS\SYSTEM32\wintypes.dll
0x00007ffb6f3f0000 - 0x00007ffb6f4ea000 	C:\WINDOWS\System32\SHCORE.dll
0x00007ffb6da10000 - 0x00007ffb6da3b000 	C:\WINDOWS\SYSTEM32\profapi.dll
0x00007ffb38f80000 - 0x00007ffb38f98000 	C:\Program Files\Microsoft\jdk-17.0.8.7-hotspot\bin\zip.dll
0x00007ffb3c0a0000 - 0x00007ffb3c0b9000 	C:\Program Files\Microsoft\jdk-17.0.8.7-hotspot\bin\net.dll
0x00007ffb699a0000 - 0x00007ffb69ad6000 	C:\WINDOWS\SYSTEM32\WINHTTP.dll
0x00007ffb6cee0000 - 0x00007ffb6cf49000 	C:\WINDOWS\system32\mswsock.dll
0x00007ffb3b720000 - 0x00007ffb3b736000 	C:\Program Files\Microsoft\jdk-17.0.8.7-hotspot\bin\nio.dll
0x00007ffb386b0000 - 0x00007ffb386c0000 	C:\Program Files\Microsoft\jdk-17.0.8.7-hotspot\bin\verify.dll
0x00007ffb21790000 - 0x00007ffb217b7000 	C:\Users\User\.gradle\native\660c5614fbf4a5f2a75b1949f50a0caf5cd603558e7d8a26e50b933a0cfb79d1\windows-amd64\native-platform.dll
0x00007ffb13010000 - 0x00007ffb13087000 	C:\Users\User\.gradle\native\0.2.8\x86_64-windows-gnu\gradle-fileevents.dll
0x00007ffb3aeb0000 - 0x00007ffb3aeb9000 	C:\Program Files\Microsoft\jdk-17.0.8.7-hotspot\bin\management.dll
0x00007ffb38f70000 - 0x00007ffb38f7b000 	C:\Program Files\Microsoft\jdk-17.0.8.7-hotspot\bin\management_ext.dll
0x00007ffb705f0000 - 0x00007ffb705f8000 	C:\WINDOWS\System32\PSAPI.DLL
0x00007ffb6c4d0000 - 0x00007ffb6c4fd000 	C:\WINDOWS\SYSTEM32\IPHLPAPI.DLL
0x00007ffb6f950000 - 0x00007ffb6f959000 	C:\WINDOWS\System32\NSI.dll
0x00007ffb698c0000 - 0x00007ffb698d9000 	C:\WINDOWS\SYSTEM32\dhcpcsvc6.DLL
0x00007ffb69800000 - 0x00007ffb6981f000 	C:\WINDOWS\SYSTEM32\dhcpcsvc.DLL
0x00007ffb6c540000 - 0x00007ffb6c642000 	C:\WINDOWS\SYSTEM32\DNSAPI.dll
0x00007ffb6d230000 - 0x00007ffb6d24b000 	C:\WINDOWS\SYSTEM32\CRYPTSP.dll
0x00007ffb6c9d0000 - 0x00007ffb6ca05000 	C:\WINDOWS\system32\rsaenh.dll
0x00007ffb6cf80000 - 0x00007ffb6cfa8000 	C:\WINDOWS\SYSTEM32\USERENV.dll
0x00007ffb6d210000 - 0x00007ffb6d21c000 	C:\WINDOWS\SYSTEM32\CRYPTBASE.dll
0x00007ffb2fb80000 - 0x00007ffb2fb8e000 	C:\Program Files\Microsoft\jdk-17.0.8.7-hotspot\bin\sunmscapi.dll
0x00007ffb6e3a0000 - 0x00007ffb6e506000 	C:\WINDOWS\System32\CRYPT32.dll
0x00007ffb6d340000 - 0x00007ffb6d36d000 	C:\WINDOWS\SYSTEM32\ncrypt.dll
0x00007ffb6d300000 - 0x00007ffb6d337000 	C:\WINDOWS\SYSTEM32\NTASN1.dll
0x00007ffb225d0000 - 0x00007ffb225d8000 	C:\WINDOWS\system32\wshunix.dll

dbghelp: loaded successfully - version: 4.0.5 - missing functions: none
symbol engine: initialized successfully - sym options: 0x614 - pdb path: .;C:\Program Files\Microsoft\jdk-17.0.8.7-hotspot\bin;C:\WINDOWS\SYSTEM32;C:\WINDOWS\WinSxS\amd64_microsoft.windows.common-controls_6595b64144ccf1df_6.0.22621.4541_none_2710d1c57384c085;C:\Program Files (x86)\360\Total Security\safemon;C:\Program Files\Microsoft\jdk-17.0.8.7-hotspot\bin\server;C:\Users\User\.gradle\native\660c5614fbf4a5f2a75b1949f50a0caf5cd603558e7d8a26e50b933a0cfb79d1\windows-amd64;C:\Users\User\.gradle\native\0.2.8\x86_64-windows-gnu

VM Arguments:
jvm_args: --add-opens=java.base/java.lang=ALL-UNNAMED --add-opens=java.base/java.lang.invoke=ALL-UNNAMED --add-opens=java.base/java.util=ALL-UNNAMED --add-opens=java.prefs/java.util.prefs=ALL-UNNAMED --add-exports=jdk.compiler/com.sun.tools.javac.api=ALL-UNNAMED --add-exports=jdk.compiler/com.sun.tools.javac.util=ALL-UNNAMED --add-opens=java.base/java.util=ALL-UNNAMED --add-opens=java.prefs/java.util.prefs=ALL-UNNAMED --add-opens=java.base/java.nio.charset=ALL-UNNAMED --add-opens=java.base/java.net=ALL-UNNAMED --add-opens=java.base/java.util.concurrent=ALL-UNNAMED --add-opens=java.base/java.util.concurrent.atomic=ALL-UNNAMED --add-opens=java.xml/javax.xml.namespace=ALL-UNNAMED --add-opens=java.base/java.time=ALL-UNNAMED -XX:MaxMetaspaceSize=512m -Xmx2048m -Dfile.encoding=windows-1252 -Duser.country=US -Duser.language=en -Duser.variant -javaagent:C:\Users\User\.gradle\wrapper\dists\gradle-9.4.1-bin\arn2x92ynaizyzdaamcbpbhtj\gradle-9.4.1\lib\agents\gradle-instrumentation-agent-9.4.1.jar 
java_command: org.gradle.launcher.daemon.bootstrap.GradleDaemon 9.4.1
java_class_path (initial): C:\Users\User\.gradle\wrapper\dists\gradle-9.4.1-bin\arn2x92ynaizyzdaamcbpbhtj\gradle-9.4.1\lib\gradle-daemon-main-9.4.1.jar
Launcher Type: SUN_STANDARD

[Global flags]
     intx CICompilerCount                          = 4                                         {product} {ergonomic}
   size_t CompressedClassSpaceSize                 = 436207616                                 {product} {ergonomic}
     uint ConcGCThreads                            = 3                                         {product} {ergonomic}
     uint G1ConcRefinementThreads                  = 10                                        {product} {ergonomic}
   size_t G1HeapRegionSize                         = 1048576                                   {product} {ergonomic}
    uintx GCDrainStackTargetSize                   = 64                                        {product} {ergonomic}
   size_t InitialHeapSize                          = 132120576                                 {product} {ergonomic}
   size_t MarkStackSize                            = 4194304                                   {product} {ergonomic}
   size_t MaxHeapSize                              = 2147483648                                {product} {command line}
   size_t MaxMetaspaceSize                         = 536870912                                 {product} {command line}
   size_t MaxNewSize                               = 1287651328                                {product} {ergonomic}
   size_t MinHeapDeltaBytes                        = 1048576                                   {product} {ergonomic}
   size_t MinHeapSize                              = 8388608                                   {product} {ergonomic}
    uintx NonNMethodCodeHeapSize                   = 5839372                                {pd product} {ergonomic}
    uintx NonProfiledCodeHeapSize                  = 122909434                              {pd product} {ergonomic}
    uintx ProfiledCodeHeapSize                     = 122909434                              {pd product} {ergonomic}
    uintx ReservedCodeCacheSize                    = 251658240                              {pd product} {ergonomic}
     bool SegmentedCodeCache                       = true                                      {product} {ergonomic}
   size_t SoftMaxHeapSize                          = 2147483648                             {manageable} {ergonomic}
     bool UseCompressedClassPointers               = true                           {product lp64_product} {ergonomic}
     bool UseCompressedOops                        = true                           {product lp64_product} {ergonomic}
     bool UseG1GC                                  = true                                      {product} {ergonomic}
     bool UseLargePagesIndividualAllocation        = false                                  {pd product} {ergonomic}

Logging:
Log output configuration:
 #0: stdout all=warning uptime,level,tags
 #1: stderr all=off uptime,level,tags

Environment Variables:
JAVA_HOME=C:\Program Files\Microsoft\jdk-17.0.8.7-hotspot\
PATH=D:\careveta\Nirapod\node_modules\.bin;D:\careveta\Nirapod\node_modules\.bin;D:\careveta\node_modules\.bin;D:\node_modules\.bin;C:\Users\User\AppData\Roaming\npm\node_modules\npm\node_modules\@npmcli\run-script\lib\node-gyp-bin;C:\Program Files\Microsoft\jdk-17.0.8.7-hotspot\bin;C:\Program Files\Microsoft\jdk-11.0.18.10-hotspot\bin;C:\Program Files\Common Files\Oracle\Java\javapath;C:\WINDOWS\system32;C:\WINDOWS;C:\WINDOWS\System32\Wbem;C:\WINDOWS\System32\WindowsPowerShell\v1.0\;C:\WINDOWS\System32\OpenSSH\;C:\Program Files\MongoDB\Server\6.0\bin;C:\ProgramData\chocolatey\bin;C:\xampp\php;C:\xampp\php;C:\Program Files\nodejs\;C:\Users\User\AppData\Local\Android\Sdk\platform-tools;C:\Users\User\AppData\Local\Android\Sdk\emulator;C:\Program Files\Git\cmd;C:\Users\User\AppData\Local\Android\Sdk\platform-tools;C:\Users\User\AppData\Local\Android\Sdk\tools;C:\Users\User\AppData\Local\Android\Sdk\platform-tools;C:\Users\User\AppData\Local\Android\Sdk\tools;C:\Users\User\AppData\Local\Android\Sdk\platform-tools;C:\Users\User\AppData\Local\Android\Sdk\tools;c:\Users\User\AppData\Local\Programs\Trae\bin;C:\Users\User\AppData\Local\Microsoft\WindowsApps;C:\Users\User\AppData\Local\Programs\Microsoft VS Code\bin;C:\Program Files\MongoDB\Server\6.0\bin;C:\Program Files\MongoDB\Server\5.0\bin;C:\xampp\php;C:\flutter\src\flutter\bin;C:\Users\User\AppData\Roaming\npm;C:\Users\User\AppData\Local\Programs\cursor\resources\app\bin;C:\Users\User\AppData\Local\Programs\Antigravity\bin;C:\Users\User\AppData\Local\Programs\Windsurf\bin;C:\Users\User\AppData\Local\Programs\Antigravity IDE\bin;C:\Users\User\AppData\Local\Programs\Devin\bin
USERNAME=User
OS=Windows_NT
PROCESSOR_IDENTIFIER=Intel64 Family 6 Model 165 Stepping 3, GenuineIntel
TMP=C:\Users\User\AppData\Local\Temp
TEMP=C:\Users\User\AppData\Local\Temp



---------------  S Y S T E M  ---------------

OS:
 Windows 11 , 64 bit Build 22621 (10.0.22621.4391)
OS uptime: 0 days 2:59 hours
Hyper-V role detected

CPU: total 12 (initial active 12) (6 cores per cpu, 2 threads per core) family 6 model 165 stepping 3 microcode 0xea, cx8, cmov, fxsr, ht, mmx, 3dnowpref, sse, sse2, sse3, ssse3, sse4.1, sse4.2, popcnt, lzcnt, tsc, tscinvbit, avx, avx2, aes, erms, clmul, bmi1, bmi2, adx, fma, vzeroupper, clflush, clflushopt, hv
Processor Information for all 12 processors :
  Max Mhz: 2904, Current Mhz: 2904, Mhz Limit: 2904

Memory: 4k page, system-wide physical 8021M (298M free)
TotalPageFile size 19544M (AvailPageFile size 0M)
current process WorkingSet (physical memory assigned to process): 212M, peak: 220M
current process commit charge ("private bytes"): 268M, peak: 300M

vm_info: OpenJDK 64-Bit Server VM (17.0.8+7-LTS) for windows-amd64 JRE (17.0.8+7-LTS), built on Jul  7 2023 17:21:55 by "MicrosoftCorporation" with MS VC++ 16.10 / 16.11 (VS2019)

END.
